******************************************************************************
                  TI ARM Linker PC v16.9.4                     
******************************************************************************
>> Linked Sat Apr 14 16:44:04 2018

OUTPUT FILE NAME:   <collector_cc1310lp.out>
ENTRY POINT SYMBOL: "ResetISR"  address: 000165dd


MEMORY CONFIGURATION

         name            origin    length      used     unused   attr    fill
----------------------  --------  ---------  --------  --------  ----  --------
  FLASH                 00000000   0001e000  0001b0d6  00002f2a  R  X
  FLASH_NV              0001e000   00001000  00001000  00000000  RW X
  FLASH_LAST            0001f000   00001000  00000b3c  000004c4  R  X
  SRAM                  20000000   00005000  00004359  00000ca7  RW X


SEGMENT ALLOCATION MAP

run origin  load origin   length   init length attrs members
----------  ----------- ---------- ----------- ----- -------
00000000    00000000    00000f98   00000f98    r--
  00000000    00000000    0000003c   0000003c    r-- .resetVecs
  0000003c    0000003c    00000a56   00000a56    r-- config_const
  00000a98    00000a98    00000500   00000500    r-- .cinit
00001000    00001000    0001a150   0001a150    r-x
  00001000    00001000    0000003c   0000003c    r-- .const:ti_sysbios_knl_Task_Object__PARAMS__C
  0000103c    0000103c    00000034   00000034    r-- .const:ti_sysbios_knl_Mailbox_Object__PARAMS__C
  00001070    00001070    00000030   00000030    r-- .const:ti_sysbios_family_arm_m3_Hwi_Object__PARAMS__C
  000010a0    000010a0    0000002c   0000002c    r-- .const:ti_sysbios_hal_Hwi_Object__PARAMS__C
  000010cc    000010cc    00000028   00000028    r-- .const:ti_sysbios_heaps_HeapMem_Module__FXNS__C
  000010f4    000010f4    00000028   00000028    r-- .const:ti_sysbios_knl_Swi_Object__PARAMS__C
  0000111c    0000111c    00000024   00000024    r-- .const:ti_sysbios_gates_GateHwi_Module__FXNS__C
  00001140    00001140    00000024   00000024    r-- .const:ti_sysbios_gates_GateMutex_Module__FXNS__C
  00001164    00001164    00000024   00000024    r-- .const:ti_sysbios_heaps_HeapMem_Object__PARAMS__C
  00001188    00001188    00000024   00000024    r-- .const:ti_sysbios_knl_Clock_Object__PARAMS__C
  000011ac    000011ac    00000024   00000024    r-- .const:ti_sysbios_knl_Semaphore_Object__PARAMS__C
  000011d0    000011d0    00000020   00000020    r-- .const:ti_sysbios_family_arm_m3_Hwi_Object__DESC__C
  000011f0    000011f0    00000020   00000020    r-- .const:ti_sysbios_gates_GateHwi_Object__DESC__C
  00001210    00001210    00000020   00000020    r-- .const:ti_sysbios_gates_GateMutex_Object__DESC__C
  00001230    00001230    00000020   00000020    r-- .const:ti_sysbios_hal_Hwi_Object__DESC__C
  00001250    00001250    00000020   00000020    r-- .const:ti_sysbios_heaps_HeapMem_Object__DESC__C
  00001270    00001270    00000020   00000020    r-- .const:ti_sysbios_knl_Clock_Object__DESC__C
  00001290    00001290    00000020   00000020    r-- .const:ti_sysbios_knl_Mailbox_Object__DESC__C
  000012b0    000012b0    00000020   00000020    r-- .const:ti_sysbios_knl_Queue_Object__DESC__C
  000012d0    000012d0    00000020   00000020    r-- .const:ti_sysbios_knl_Semaphore_Object__DESC__C
  000012f0    000012f0    00000020   00000020    r-- .const:ti_sysbios_knl_Swi_Object__DESC__C
  00001310    00001310    00000020   00000020    r-- .const:ti_sysbios_knl_Task_Object__DESC__C
  00001330    00001330    00000018   00000018    r-- .const:ti_sysbios_gates_GateHwi_Object__PARAMS__C
  00001348    00001348    00000018   00000018    r-- .const:ti_sysbios_gates_GateMutex_Object__PARAMS__C
  00001360    00001360    00000018   00000018    r-- .const:ti_sysbios_knl_Queue_Object__PARAMS__C
  00001378    00001378    00000008   00000008    r-- .const:ti_sysbios_knl_Idle_funcList__C
  00001384    00001384    00000004   00000004    r-- .const:ti_sysbios_family_arm_cc26xx_Timer_startupNeeded__C
  00001388    00001388    00000004   00000004    r-- .const:ti_sysbios_family_arm_m3_Hwi_E_alreadyDefined__C
  0000138c    0000138c    00000004   00000004    r-- .const:ti_sysbios_family_arm_m3_Hwi_E_hwiLimitExceeded__C
  00001390    00001390    00000004   00000004    r-- .const:ti_sysbios_family_arm_m3_Hwi_NUM_INTERRUPTS__C
  00001394    00001394    00000004   00000004    r-- .const:ti_sysbios_family_arm_m3_Hwi_Object__count__C
  00001398    00001398    00000004   00000004    r-- .const:ti_sysbios_family_arm_m3_Hwi_Object__table__C
  0000139c    0000139c    00000004   00000004    r-- .const:ti_sysbios_family_arm_m3_Hwi_ccr__C
  000013a0    000013a0    00000004   00000004    r-- .const:ti_sysbios_family_arm_m3_Hwi_excHandlerFunc__C
  000013a4    000013a4    00000004   00000004    r-- .const:ti_sysbios_family_arm_m3_Hwi_nullIsrFunc__C
  000013a8    000013a8    00000004   00000004    r-- .const:ti_sysbios_family_arm_m3_Hwi_numSparseInterrupts__C
  000013ac    000013ac    00000004   00000004    r-- .const:ti_sysbios_family_arm_m3_Hwi_priGroup__C
  000013b0    000013b0    00000004   00000004    r-- .const:ti_sysbios_family_arm_m3_TaskSupport_stackAlignment__C
  000013b4    000013b4    00000004   00000004    r-- .const:ti_sysbios_heaps_HeapMem_E_memory__C
  000013b8    000013b8    00000004   00000004    r-- .const:ti_sysbios_heaps_HeapMem_Module__gateObj__C
  000013bc    000013bc    00000004   00000004    r-- .const:ti_sysbios_heaps_HeapMem_Object__count__C
  000013c0    000013c0    00000004   00000004    r-- .const:ti_sysbios_heaps_HeapMem_Object__table__C
  000013c4    000013c4    00000004   00000004    r-- .const:ti_sysbios_heaps_HeapMem_reqAlign__C
  000013c8    000013c8    00000004   00000004    r-- .const:ti_sysbios_knl_Clock_serviceMargin__C
  000013cc    000013cc    00000004   00000004    r-- .const:ti_sysbios_knl_Mailbox_Object__count__C
  000013d0    000013d0    00000004   00000004    r-- .const:ti_sysbios_knl_Mailbox_Object__table__C
  000013d4    000013d4    00000004   00000004    r-- .const:ti_sysbios_knl_Mailbox_maxTypeAlign__C
  000013d8    000013d8    00000004   00000004    r-- .const:ti_sysbios_knl_Queue_Object__count__C
  000013dc    000013dc    00000004   00000004    r-- .const:ti_sysbios_knl_Queue_Object__table__C
  000013e0    000013e0    00000004   00000004    r-- .const:ti_sysbios_knl_Swi_Object__count__C
  000013e4    000013e4    00000004   00000004    r-- .const:ti_sysbios_knl_Swi_Object__table__C
  000013e8    000013e8    00000004   00000004    r-- .const:ti_sysbios_knl_Swi_numPriorities__C
  000013ec    000013ec    00000004   00000004    r-- .const:ti_sysbios_knl_Task_Object__count__C
  000013f0    000013f0    00000004   00000004    r-- .const:ti_sysbios_knl_Task_Object__table__C
  000013f4    000013f4    00000004   00000004    r-- .const:ti_sysbios_knl_Task_allBlockedFunc__C
  000013f8    000013f8    00000004   00000004    r-- .const:ti_sysbios_knl_Task_defaultStackHeap__C
  000013fc    000013fc    00000004   00000004    r-- .const:ti_sysbios_knl_Task_defaultStackSize__C
  00001400    00001400    00000004   00000004    r-- .const:ti_sysbios_knl_Task_numConstructedTasks__C
  00001406    00001406    00000002   00000002    r-- .const:ti_sysbios_family_arm_cc26xx_Timer_Module__id__C
  00001408    00001408    00000002   00000002    r-- .const:ti_sysbios_family_arm_cc26xx_TimestampProvider_useClockTimer__C
  0000140a    0000140a    00000002   00000002    r-- .const:ti_sysbios_family_arm_m3_Hwi_Module__id__C
  0000140c    0000140c    00000002   00000002    r-- .const:ti_sysbios_gates_GateHwi_Module__id__C
  0000140e    0000140e    00000002   00000002    r-- .const:ti_sysbios_gates_GateMutex_Module__id__C
  00001410    00001410    00000002   00000002    r-- .const:ti_sysbios_heaps_HeapMem_Module__id__C
  00001412    00001412    00000002   00000002    r-- .const:ti_sysbios_knl_Task_initStackFlag__C
  00001414    00001414    00000001   00000001    r-- .const:ti_sysbios_knl_Clock_tickMode__C
  00001418    00001418    00000008   00000008    r-- .const:xdc_runtime_Startup_firstFxns__C
  00001420    00001420    00000008   00000008    r-- .const:xdc_runtime_Startup_lastFxns__C
  00001428    00001428    00000004   00000004    r-- .const:xdc_runtime_Assert_E_assertFailed__C
  0000142c    0000142c    00000004   00000004    r-- .const:xdc_runtime_Error_E_memory__C
  00001430    00001430    00000004   00000004    r-- .const:xdc_runtime_Error_policyFxn__C
  00001434    00001434    00000004   00000004    r-- .const:xdc_runtime_IGateProvider_Interface__BASE__C
  00001438    00001438    00000004   00000004    r-- .const:xdc_runtime_IHeap_Interface__BASE__C
  0000143c    0000143c    00000004   00000004    r-- .const:xdc_runtime_IModule_Interface__BASE__C
  00001440    00001440    00000004   00000004    r-- .const:xdc_runtime_Main_Module__diagsEnabled__C
  00001444    00001444    00000004   00000004    r-- .const:xdc_runtime_Main_Module__diagsIncluded__C
  00001448    00001448    00000004   00000004    r-- .const:xdc_runtime_Main_Module__diagsMask__C
  0000144c    0000144c    00000004   00000004    r-- .const:xdc_runtime_Memory_defaultHeapInstance__C
  00001450    00001450    00000004   00000004    r-- .const:xdc_runtime_Startup_execImpl__C
  00001454    00001454    00000004   00000004    r-- .const:xdc_runtime_Startup_maxPasses__C
  00001458    00001458    00000004   00000004    r-- .const:xdc_runtime_Startup_sfxnRts__C
  0000145c    0000145c    00000004   00000004    r-- .const:xdc_runtime_Startup_sfxnTab__C
  00001460    00001460    00000004   00000004    r-- .const:xdc_runtime_Startup_startModsFxn__C
  00001464    00001464    00000004   00000004    r-- .const:xdc_runtime_SysCallback_abortFxn__C
  00001468    00001468    00000004   00000004    r-- .const:xdc_runtime_SysCallback_exitFxn__C
  0000146c    0000146c    00000004   00000004    r-- .const:xdc_runtime_System_abortFxn__C
  00001470    00001470    00000004   00000004    r-- .const:xdc_runtime_System_exitFxn__C
  00001474    00001474    00000004   00000004    r-- .const:xdc_runtime_System_maxAtexitHandlers__C
  00001478    00001478    00000004   00000004    r-- .const:xdc_runtime_Text_charTab__C
  0000147c    0000147c    00000004   00000004    r-- .const:xdc_runtime_Text_nameEmpty__C
  00001480    00001480    00000004   00000004    r-- .const:xdc_runtime_Text_nameStatic__C
  00001484    00001484    00000004   00000004    r-- .const:xdc_runtime_Text_nameUnknown__C
  00001488    00001488    00000002   00000002    r-- .const:xdc_runtime_Main_Module__id__C
  0000148a    0000148a    00000002   00000002    r-- .const:xdc_runtime_Memory_Module__id__C
  0000148c    0000148c    00000002   00000002    r-- .const:xdc_runtime_Text_charCnt__C
  0000148e    0000148e    00000002   00000002    r-- .const:xdc_runtime_Text_isLoaded__C
  00001490    00001490    00000001   00000001    r-- .const:xdc_runtime_Error_policy__C
  00001494    00001494    00000004   00000004    r-- .const:ti_sysbios_rom_ROM_AONRTCChannelEnable
  00001498    00001498    00000004   00000004    r-- .const:ti_sysbios_rom_ROM_AONRTCCompareValueSet
  0000149c    0000149c    00000004   00000004    r-- .const:ti_sysbios_rom_ROM_AONRTCCurrentCompareValueGet
  000014a0    000014a0    00000004   00000004    r-- .const:ti_sysbios_rom_ROM_AONRTCEventClear
  000014a4    000014a4    00000004   00000004    r-- .const:ti_sysbios_rom_ROM_ti_sysbios_family_arm_cc26xx_Timer_getCount64__E
  000014a8    000014a8    00000004   00000004    r-- .const:ti_sysbios_rom_ROM_ti_sysbios_family_arm_cc26xx_Timer_getCurrentTick__E
  000014ac    000014ac    00000004   00000004    r-- .const:ti_sysbios_rom_ROM_ti_sysbios_family_arm_cc26xx_Timer_getMaxTicks__E
  000014b0    000014b0    00000004   00000004    r-- .const:ti_sysbios_rom_ROM_ti_sysbios_family_arm_cc26xx_Timer_initDevice__I
  000014b4    000014b4    00000004   00000004    r-- .const:ti_sysbios_rom_ROM_ti_sysbios_family_arm_cc26xx_Timer_setNextTick__E
  000014b8    000014b8    00000004   00000004    r-- .const:ti_sysbios_rom_ROM_ti_sysbios_family_arm_cc26xx_Timer_setThreshold__I
  000014bc    000014bc    00000004   00000004    r-- .const:ti_sysbios_rom_ROM_ti_sysbios_family_arm_cc26xx_Timer_start__E
  000014c0    000014c0    00000004   00000004    r-- .const:ti_sysbios_rom_ROM_ti_sysbios_family_arm_cc26xx_TimestampProvider_get32__E
  000014c4    000014c4    00000004   00000004    r-- .const:ti_sysbios_rom_ROM_xdc_runtime_Startup_getState__I
  000014c8    000014c8    00000004   00000004    r-- .const:ti_sysbios_rom_ROM_xdc_runtime_System_SupportProxy_abort__E
  000014cc    000014cc    00000004   00000004    r-- .const:ti_sysbios_rom_ROM_xdc_runtime_System_SupportProxy_exit__E
  000014d0    000014d0    00000004   00000004    r-- .const:ti_sysbios_gates_GateMutex_Instance_State_sem__O
  000014d4    000014d4    00000004   00000004    r-- .const:ti_sysbios_knl_Clock_Module_State_clockQ__O
  000014d8    000014d8    00000004   00000004    r-- .const:ti_sysbios_knl_Mailbox_Instance_State_dataQue__O
  000014dc    000014dc    00000004   00000004    r-- .const:ti_sysbios_knl_Mailbox_Instance_State_dataSem__O
  000014e0    000014e0    00000004   00000004    r-- .const:ti_sysbios_knl_Mailbox_Instance_State_freeQue__O
  000014e4    000014e4    00000004   00000004    r-- .const:ti_sysbios_knl_Mailbox_Instance_State_freeSem__O
  000014e8    000014e8    00000004   00000004    r-- .const:ti_sysbios_knl_Semaphore_Instance_State_pendQ__O
  000014ec    000014ec    00000004   00000004    r-- .const:ti_sysbios_knl_Task_Module_State_inactiveQ__O
  000014f0    000014f0    00018b28   00018b28    r-x .text
  0001a018    0001a018    00001138   00001138    r-- .const
0001e000    0001e000    00001ae4   00001ae4    r-x
  0001e000    0001e000    00001000   00001000    r-- .TI.bound:NV_FLASH
  0001f000    0001f000    00000ae4   00000ae4    r-x flash_last_text
0001ffa8    0001ffa8    00000058   00000058    r--
  0001ffa8    0001ffa8    00000058   00000058    r-- .ccfg
20000100    20000100    00000104   00000000    rw-
  20000100    20000100    00000044   00000000    rw- .data:ti_sysbios_knl_Task_Module__state__V
  20000144    20000144    00000034   00000000    rw- .data:ti_sysbios_family_arm_m3_Hwi_Module__state__V
  20000178    20000178    0000002c   00000000    rw- .data:ti_sysbios_knl_Clock_Module__state__V
  200001a4    200001a4    00000024   00000000    rw- .data:ti_sysbios_BIOS_Module__state__V
  200001c8    200001c8    0000001c   00000000    rw- .data:ti_sysbios_knl_Swi_Module__state__V
  200001e4    200001e4    00000008   00000000    rw- .data:ti_sysbios_family_arm_cc26xx_Timer_Module__state__V
  200001ec    200001ec    00000004   00000000    rw- .data:ti_sysbios_family_arm_cc26xx_TimestampProvider_Module__state__V
  200001f0    200001f0    00000008   00000000    rw- .data:xdc_runtime_Startup_Module__state__V
  200001f8    200001f8    00000008   00000000    rw- .data:xdc_runtime_System_Module__state__V
  20000200    20000200    00000004   00000000    rw- .data:xdc_runtime_Memory_Module__state__V
20000430    20000430    00000010   00000000    rw-
  20000430    20000430    00000010   00000000    rw- .TI.bound:dmaSpi0RxControlTableEntry
20000440    20000440    00000010   00000000    rw-
  20000440    20000440    00000010   00000000    rw- .TI.bound:dmaSpi0TxControlTableEntry
20000500    20000500    00000010   00000000    rw-
  20000500    20000500    00000010   00000000    rw- .TI.bound:dmaSpi1RxControlTableEntry
20000510    20000510    00003c5d   00000000    rw-
  20000510    20000510    00000010   00000000    rw- .TI.bound:dmaSpi1TxControlTableEntry
  20000520    20000520    0000185e   00000000    rw- .data
  20001d80    20001d80    000023ed   00000000    rw- .bss
20004b00    20004b00    00000500   00000000    rw-
  20004b00    20004b00    00000500   00000000    rw- .stack


SECTION ALLOCATION MAP

 output                                  attributes/
section   page    origin      length       input sections
--------  ----  ----------  ----------   ----------------
config_const 
*          0    0000003c    00000a56     
                  0000003c    00000964     mac_user_config.obj (.const:$O25$$)
                  000009a0    00000054     mac_user_config.obj (.const:rfDriverTable)
                  000009f4    0000002d     mac_user_config.obj (.const:txPowerTable_cc1310)
                  00000a21    0000002d     mac_user_config.obj (.const:txPowerTable_cc1350)
                  00000a4e    00000001     mac_user_config.obj (.const)
                  00000a4f    00000001     --HOLE-- [fill = 0]
                  00000a50    00000028     mac_user_config.obj (.const:cryptoDriverTable)
                  00000a78    00000010     mac_user_config.obj (.const:rfPropTable)
                  00000a88    0000000a     mac_user_config.obj (.const:txPwrTbl)

.cinit     0    00000a98    00000500     
                  00000a98    00000385     (.cinit..data.load) [load image, compression = lzss]
                  00000e1d    00000028     (.cinit..data:ti_sysbios_family_arm_m3_Hwi_Module__state__V.load) [load image, compression = lzss]
                  00000e45    00000021     (.cinit..data:ti_sysbios_knl_Task_Module__state__V.load) [load image, compression = lzss]
                  00000e66    0000001f     (.cinit..data:ti_sysbios_BIOS_Module__state__V.load) [load image, compression = lzss]
                  00000e85    0000001e     (.cinit..data:ti_sysbios_knl_Clock_Module__state__V.load) [load image, compression = lzss]
                  00000ea3    00000010     (.cinit..data:ti_sysbios_knl_Swi_Module__state__V.load) [load image, compression = lzss]
                  00000eb3    00000001     --HOLE-- [fill = 0]
                  00000eb4    0000000c     (__TI_handler_table)
                  00000ec0    0000000b     (.cinit..data:ti_sysbios_family_arm_cc26xx_Timer_Module__state__V.load) [load image, compression = lzss]
                  00000ecb    00000005     --HOLE-- [fill = 0]
                  00000ed0    00000008     (.cinit..TI.bound:dmaSpi0RxControlTableEntry.load) [load image, compression = zero_init]
                  00000ed8    00000008     (.cinit..TI.bound:dmaSpi0TxControlTableEntry.load) [load image, compression = zero_init]
                  00000ee0    00000008     (.cinit..TI.bound:dmaSpi1RxControlTableEntry.load) [load image, compression = zero_init]
                  00000ee8    00000008     (.cinit..TI.bound:dmaSpi1TxControlTableEntry.load) [load image, compression = zero_init]
                  00000ef0    00000008     (.cinit..bss.load) [load image, compression = zero_init]
                  00000ef8    00000008     (.cinit..data:xdc_runtime_Memory_Module__state__V.load) [load image, compression = lzss]
                  00000f00    00000007     (.cinit..data:ti_sysbios_family_arm_cc26xx_TimestampProvider_Module__state__V.load) [load image, compression = lzss]
                  00000f07    00000007     (.cinit..data:xdc_runtime_Startup_Module__state__V.load) [load image, compression = lzss]
                  00000f0e    00000007     (.cinit..data:xdc_runtime_System_Module__state__V.load) [load image, compression = lzss]
                  00000f15    00000003     --HOLE-- [fill = 0]
                  00000f18    00000080     (__TI_cinit_table)

.text      0    000014f0    00018b28     
                  000014f0    000009bc     maclib_secure.a : mac.obj (.text:macRxCb$73)
                  00001eac    00000964     main.obj (.text:taskFxn)
                  00002810    00000618     maclib_secure.a : mac_rx.obj (.text:rxPayloadIsr$78)
                  00002e28    00000500     driverlib.lib : setup.obj (.text:TrimAfterColdResetWakeupFromShutDown$45)
                  00003328    00000458     icall_startup.obj (.text:startup_entry)
                  00003780    00000442     maclib_secure.a : fh_ie.obj (.text:FHIE_parsePie)
                  00003bc2    00000002     display.aem3 : DisplaySharp.oem3 (.text:DisplaySharp_init)
                  00003bc4    000003f0     rf_multiMode_cc13x0.aem3 : RFCC26XX_multiMode.oem3 (.text:fsmActiveState)
                  00003fb4    00000394     maclib_secure.a : mac_mgmt.obj (.text:macBuildHeader)
                  00004348    0000036e     api_mac.obj (.text:processIncomingICallMsg$31)
                  000046b6    00000002     maclib_secure.a : fh_util.obj (.text:FHUTIL_noAction)
                  000046b8    00000360                     : mac_radio.obj (.text:macRadioInit)
                  00004a18    0000033c     rom_sysbios.aem3 : rom_sysbios.obj (.text:xdc_runtime_System_doPrint__I)
                  00004d54    0000030c     drivers_cc13x0.aem3 : PowerCC26XX_calibrateRCOSC.oem3 (.text:PowerCC26XX_auxISR)
                  00005060    000002f4                         : SPICC26XXDMA.oem3 (.text:SPICC26XXDMA_transfer)
                  00005354    000002e4     maclib_secure.a : mac_radio_tx.obj (.text:macRadioTxGo)
                  00005638    000002d8                     : fh_api.obj (.text:FHAPI_getTxParams_old)
                  00005910    000002d0     grlib.aem3 : string.oem3 (.text:Graphics_drawString)
                  00005be0    000002c6     maclib_secure.a : fh_ie.obj (.text:FHIE_gen)
                  00005ea6    00000002                     : fh_data.obj (.text:FH_startEDFETimer)
                  00005ea8    000002c0     osal.obj (.text:osal_start_system)
                  00006168    000002ac     maclib_secure.a : fh_ie.obj (.text:FHIE_genPieContent$56)
                  00006414    00000284     macwrapper.obj (.text:macWrapperAddDevice)
                  00006698    0000025c     maclib_secure.a : fh_api.obj (.text:FHAPI_completeRxCb)
                  000068f4    00000248                     : mac_data.obj (.text:MAC_McpsDataReq)
                  00006b3c    00000244                     : mac_mgmt.obj (.text:MAC_MlmeResetReq)
                  00006d80    00000244     csf.obj (.text:displayUpdate$35)
                  00006fc4    00000234     collector.obj (.text:processSensorData$34)
                  000071f8    00000228     mac_pib.obj (.text:MAC_MlmeSetReq)
                  00007420    00000228     driverlib.lib : sys_ctrl.obj (.text:NOROM_SysCtrlSetRechargeBeforePowerDown)
                  00007648    00000224     drivers_cc13x0.aem3 : PowerCC26XX.oem3 (.text:Power_sleep)
                  0000786c    00000224     maclib_secure.a : mac_mgmt.obj (.text:macBuildCommonReq)
                  00007a90    0000021e     rtsv7M3_T_le_eabi.lib : ll_div_t2.obj (.text)
                  00007cae    0000020e     maclib_secure.a : mac_security.obj (.text:macIncomingFrameSecurityMaterialRetrieval)
                  00007ebc    0000020c                     : mac_pwr.obj (.text:macPwrVote)
                  000080c8    00000208     drivers_cc13x0.aem3 : CryptoCC26XX.oem3 (.text:cryptoTransactionExecute)
                  000082d0    00000204     maclib_secure.a : fh_api.obj (.text:FHAPI_sendData)
                  000084d4    000001fc     rf_multiMode_cc13x0.aem3 : RFCC26XX_multiMode.oem3 (.text:RF_open)
                  000086d0    000001f4     maclib_secure.a : fh_api.obj (.text:FHAPI_start)
                  000088c4    000001f4     rtsv7M3_T_le_eabi.lib : ull_div_t2.obj (.text)
                  00008ab8    000001f0     maclib_secure.a : mac_coord.obj (.text:macBuildBeacon)
                  00008ca8    000001d8     mac_security_pib.obj (.text:MAC_MlmeSetSecurityReq)
                  00008e80    000001c6     maclib_secure.a : fh_ie.obj (.text:FHIE_extractPie)
                  00009046    00000002     drivers_cc13x0.aem3 : PWMTimerCC26XX.oem3 (.text:PWMTimerCC26XX_init)
                  00009048    000001c4     maclib_secure.a : mac_tx.obj (.text:txCsmaPrep$82)
                  0000920c    000001c0                     : mac_beacon_device.obj (.text:macRxBeaconCritical)
                  000093cc    000001c0     macstack.obj (.text:macStackEventLoop)
                  0000958c    000001bc     drivers_cc13x0.aem3 : PINCC26XX.oem3 (.text:PIN_init)
                  00009748    000001bc     maclib_secure.a : mac_data.obj (.text:macApiDataReq)
                  00009904    000001bc                     : mac_scan.obj (.text:macApiScanReq)
                  00009ac0    000001b4                     : fh_ie.obj (.text:FHIE_parseCommonInformation$56)
                  00009c74    000001a4                     : mac_tx.obj (.text:macTxFrame)
                  00009e18    0000019c                     : fh_nt.obj (.text:FHNT_getEntry)
                  00009fb4    0000019c     rf_multiMode_cc13x0.aem3 : RFCC26XX_multiMode.oem3 (.text:fsmSetupState)
                  0000a150    0000019c     maclib_secure.a : mac_data.obj (.text:macTxCompleteCallback)
                  0000a2ec    00000194     rf_multiMode_cc13x0.aem3 : RFCC26XX_multiMode.oem3 (.text:RF_scheduleCmd)
                  0000a480    00000190     drivers_cc13x0.aem3 : PowerCC26XX_calibrateRCOSC.oem3 (.text:PowerCC26XX_doCalibrate)
                  0000a610    00000188     maclib_secure.a : mac_ie_build.obj (.text:macBuildPayloadIes)
                  0000a798    00000180                     : mac_rx_onoff.obj (.text:macRxOn)
                  0000a918    0000017c     driverlib.lib : crypto.obj (.text:NOROM_CRYPTOCcmInvAuthDecrypt)
                  0000aa94    0000017c     maclib_secure.a : mac_mgmt.obj (.text:macTxCsmaDelay)
                  0000ac10    00000178     driverlib.lib : crypto.obj (.text:NOROM_CRYPTOCcmAuthEncrypt)
                  0000ad88    00000170     fh_pib.obj (.text:FHPIB_set)
                  0000aef8    00000170     rf_multiMode_cc13x0.aem3 : RFCC26XX_multiMode.oem3 (.text:RF_schCmdRunInsertPreempt)
                  0000b068    0000015c     maclib_secure.a : mac_beacon_device.obj (.text:macAutoPoll)
                  0000b1c4    0000015c                     : mac_radio_tx.obj (.text:macRadioCsmaTxCb)
                  0000b320    00000158     mac_security_pib.obj (.text:MAC_MlmeGetSecurityReq)
                  0000b478    00000158     drivers_cc13x0.aem3 : SPICC26XXDMA.oem3 (.text:SPICC26XXDMA_initIO)
                  0000b5d0    00000154     maclib_secure.a : mac_mgmt.obj (.text:macApiDisassociateReq)
                  0000b724    00000154     rf_multiMode_cc13x0.aem3 : RFCC26XX_multiMode.oem3 (.text:radioOpDoneCb)
                  0000b878    0000014c     maclib_secure.a : mac_coord.obj (.text:macApiAssociateRsp)
                  0000b9c4    0000014c                     : mac_beacon_coord.obj (.text:macTxBeaconCompleteCallback)
                  0000bb10    00000148                     : fh_api.obj (.text:FHAPI_completeTxCb)
                  0000bc58    00000148     rf_multiMode_cc13x0.aem3 : RFCC26XX_multiMode.oem3 (.text:fsmChangePhyState)
                  0000bda0    00000148     maclib_secure.a : mac_coord.obj (.text:macRxDataReq)
                  0000bee8    00000144     macwrapper.obj (.text:macWrapperAddKeyInitFCtr)
                  0000c02c    00000140     nvocop.obj (.text:compactPage$28)
                  0000c16c    0000013c     rf_multiMode_cc13x0.aem3 : RFCC26XX_multiMode.oem3 (.text:hwiFxnCpe0Active)
                  0000c2a8    00000138     display.aem3 : DisplaySharp.oem3 (.text:DisplaySharp_open)
                  0000c3e0    00000138     collector.obj (.text:dataIndCB$34)
                  0000c518    00000134     collector.obj (.text:generateTrackingRequests$34)
                  0000c64c    00000134     maclib_secure.a : mac_beacon_device.obj (.text:macApiSyncReq)
                  0000c780    00000130                     : mac_data.obj (.text:macAllocTxBuffer)
                  0000c8b0    00000130                     : mac_beacon_coord.obj (.text:macBeaconStartContinue)
                  0000c9e0    00000128                     : fh_nt.obj (.text:FHNT_purgeTimerIsrCb$58)
                  0000cb08    00000124     drivers_cc13x0.aem3 : SPICC26XXDMA.oem3 (.text:SPICC26XXDMA_open)
                  0000cc2c    00000120     csf.obj (.text:Csf_deviceUpdate)
                  0000cd4c    0000011c     maclib_secure.a : mac_mgmt.obj (.text:macApiWSAsyncReq$68)
                  0000ce68    00000118                     : mac_security.obj (.text:macCcmStarTransform)
                  0000cf80    00000114     drivers_cc13x0.aem3 : PowerCC26XX.oem3 (.text:Power_init)
                  0000d094    00000110     collector.obj (.text:dataCnfCB$34)
                  0000d1a4    00000100     rf_multiMode_cc13x0.aem3 : RFCC26XX_multiMode.oem3 (.text:fsmPowerUpState)
                  0000d2a4    00000100     maclib_secure.a : mac.obj (.text:macSetupRATChanCompare)
                  0000d3a4    000000fc     rf_multiMode_cc13x0.aem3 : RFCC26XX_multiMode.oem3 (.text:RF_close)
                  0000d4a0    000000f8     maclib_secure.a : fh_ie.obj (.text:FHIE_genCommonInformation$56)
                  0000d598    000000f8     app_pem3.oem3 (.text:xdc_runtime_System_printfExtend__I)
                  0000d690    000000f4     maclib_secure.a : fh_mgr.obj (.text:FHMGR_bcTimerIsrCb)
                  0000d784    000000f4                     : mac_radio_tx.obj (.text:macRadioTxPrepCsmaUnslotted)
                  0000d878    000000f0     driverlib.lib : setup.obj (.text:NOROM_SetupTrimDevice)
                  0000d968    000000f0     rf_multiMode_cc13x0.aem3 : RFCC26XX_multiMode.oem3 (.text:RF_pendCmd)
                  0000da58    000000f0     maclib_secure.a : mac_security.obj (.text:macCcmStarInverseTransform)
                  0000db48    000000ec     drivers_cc13x0.aem3 : PWMTimerCC26XX.oem3 (.text:PWMTimerCC26XX_open)
                  0000dc34    000000e8                         : SPICC26XXDMA.oem3 (.text:SPICC26XXDMA_transferCancel)
                  0000dd1c    000000e8     maclib_secure.a : mac_main.obj (.text:macSendDataMsg)
                  0000de04    000000e4                     : fh_ie.obj (.text:FHIE_parseHie)
                  0000dee8    000000e4     dpl_cc13x0.aem3 : PowerCC26XX_tirtos.oem3 (.text:PowerCC26XX_standbyPolicy)
                  0000dfcc    000000e4     rf_multiMode_cc13x0.aem3 : RFCC26XX_multiMode.oem3 (.text:RF_requestAccess)
                  0000e0b0    000000e4     maclib_secure.a : mac_beacon.obj (.text:macBeaconSetSched)
                  0000e194    000000e4                     : mac_scan.obj (.text:macScanNextChan)
                  0000e278    000000e2     lcd.aem3 : SharpGrLib.oem3 (.text:SharpGrLib_rectFill)
                  0000e35a    00000002     uart_printf.obj (.text:UartPrintf_flush)
                  0000e35c    000000e0     board_led.obj (.text:Board_Led_control)
                  0000e43c    000000e0     maclib_secure.a : mac_radio_tx.obj (.text:macRadioTxAck$77)
                  0000e51c    000000dc     collector.obj (.text:Collector_sendConfigRequest)
                  0000e5f8    000000dc     drivers_cc13x0.aem3 : PINCC26XX.oem3 (.text:PINCC26XX_setIoCfg)
                  0000e6d4    000000dc     rf_multiMode_cc13x0.aem3 : RFCC26XX_multiMode.oem3 (.text:RF_getInfo)
                  0000e7b0    000000dc     lcd.aem3 : SharpGrLib.oem3 (.text:SharpGrLib_flush)
                  0000e88c    000000dc     maclib_secure.a : mac_radio.obj (.text:macRadioPowerUpBeaconMode)
                  0000e968    000000d8                     : fh_nt.obj (.text:FHNT_getRemoveEntryFromTemp$58)
                  0000ea40    000000d8     driverlib.lib : rfc.obj (.text:NOROM_RFCOverrideUpdate)
                  0000eb18    000000d8     rf_multiMode_cc13x0.aem3 : RFCC26XX_multiMode.oem3 (.text:RF_schCmdPriority)
                  0000ebf0    000000d8     maclib_secure.a : mac_mgmt.obj (.text:macCommStatusInd)
                  0000ecc8    000000d8                     : mac_radio_tx.obj (.text:macRadioLbtTxCb)
                  0000eda0    000000d4     drivers_cc13x0.aem3 : CryptoCC26XX.oem3 (.text:CryptoCC26XX_open)
                  0000ee74    000000d4     maclib_secure.a : fh_api.obj (.text:FHAPI_getTxParams)
                  0000ef48    000000d4     driverlib.lib : rfc.obj (.text:NOROM_RFCRfTrimRead)
                  0000f01c    000000d4     rf_multiMode_cc13x0.aem3 : RFCC26XX_multiMode.oem3 (.text:RF_control)
                  0000f0f0    000000d4                              : RFCC26XX_multiMode.oem3 (.text:RF_postCmd)
                  0000f1c4    000000d4     maclib_secure.a : mac_coord.obj (.text:macIndirectExpire)
                  0000f298    000000d0     macstack.obj (.text:MAC_CbackEvent)
                  0000f368    000000d0     maclib_secure.a : mac_data.obj (.text:macDataTxSend)
                  0000f438    000000d0                     : mac.obj (.text:macRatCb_A)
                  0000f508    000000d0                     : mac_coord.obj (.text:macStartBegin)
                  0000f5d8    000000d0                     : mac_symbol_timer.obj (.text:macSymbolTimerUpdateWakeup$81)
                  0000f6a8    000000cc     driverlib.lib : crypto.obj (.text:NOROM_CRYPTOAesCbc)
                  0000f774    000000cc     nvocop.obj (.text:NVOCOP_writeItem)
                  0000f840    000000cc     maclib_secure.a : mac_beacon_coord.obj (.text:macApiBeaconStartReq)
                  0000f90c    000000cc                     : mac_security.obj (.text:macOutgoingFrameKeyDescRetrieval)
                  0000f9d8    000000c8                     : mac_ie_build.obj (.text:macBuildHeaderIes)
                  0000faa0    000000c8                     : mac_scan.obj (.text:macScanRxBeacon)
                  0000fb68    000000c4     display.aem3 : DisplaySharp.oem3 (.text:DisplaySharp_control)
                  0000fc2c    000000c4     maclib_secure.a : fh_data.obj (.text:FHDATA_procASYNCReq)
                  0000fcf0    000000c4                     : mac_data.obj (.text:macDataTxEnqueue)
                  0000fdb4    000000c0     rf_multiMode_cc13x0.aem3 : RFCC26XX_multiMode.oem3 (.text:abortCmd)
                  0000fe74    000000c0     maclib_secure.a : mac_beacon_device.obj (.text:macBeaconSyncLoss)
                  0000ff34    000000c0                     : mac.obj (.text:macSendFsCmd)
                  0000fff4    000000c0                     : mac_tx.obj (.text:macTxFrameIsr)
                  000100b4    000000be     display.aem3 : DisplaySharp.oem3 (.text:DisplaySharp_vprintf)
                  00010172    000000be     maclib_secure.a : fh_ie.obj (.text:FHIE_getLen)
                  00010230    000000bc     drivers_cc13x0.aem3 : GPTimerCC26XX.oem3 (.text:GPTimerCC26XX_open)
                  000102ec    000000bc                         : PowerCC26XX.oem3 (.text:Power_releaseDependency)
                  000103a8    000000bc     maclib_secure.a : mac_tx.obj (.text:macTxChannelBusyCallback)
                  00010464    000000ba                     : mac_scan.obj (.text:MAC_MlmeScanReq)
                  0001051e    000000b8                     : fh_ie.obj (.text:FHIE_getPieContentLen$56)
                  000105d6    00000002     uart_printf.obj (.text:UartPrintf_putch)
                  000105d8    000000b8     rf_multiMode_cc13x0.aem3 : RFCC26XX_multiMode.oem3 (.text:RF_dispatchNextCmd)
                  00010690    000000b8     maclib_secure.a : mac_mgmt.obj (.text:macBuildBeaconNotifyInd)
                  00010748    000000b8                     : mac_coord.obj (.text:macStartSetParams)
                  00010800    000000b4     drivers_cc13x0.aem3 : PowerCC26XX.oem3 (.text:Power_setDependency)
                  000108b4    000000b4     board_led.obj (.text:board_led_blinkTimeoutCB$6)
                  00010968    000000b0     maclib_secure.a : fh_nt.obj (.text:FHNT_AddDeviceCB)
                  00010a18    000000b0                     : mac_rx.obj (.text:rxPostRxUpdates$78)
                  00010ac8    000000ac     lcd.aem3 : SharpGrLib.oem3 (.text:SharpGrLib_lineDrawH)
                  00010b74    000000ac     maclib_secure.a : mac_coord.obj (.text:macCoordReset)
                  00010c20    000000ac     api_mac.obj (.text:processBeaconNotifyInd$31)
                  00010ccc    000000aa     maclib_secure.a : fh_ie.obj (.text:FHIE_genExcludedChannelRanges$56)
                  00010d76    00000002     rf_multiMode_cc13x0.aem3 : RFCC26XX_multiMode.oem3 (.text:defaultCallback)
                  00010d78    000000a8                              : RFCC26XX_multiMode.oem3 (.text:discardPendCmd)
                  00010e20    000000a6     drivers_cc13x0.aem3 : SPICC26XXDMA.oem3 (.text:SPICC26XXDMA_hwiFxn)
                  00010ec6    00000002                         : PowerCC26XX.oem3 (.text:emptyClockFunc)
                  00010ec8    000000a4     maclib_secure.a : fh_ie.obj (.text:FHIE_getChannelPlan$56)
                  00010f6c    000000a4                     : fh_nt.obj (.text:FHNT_addTempEUI$58)
                  00011010    000000a4     driverlib.lib : crypto.obj (.text:NOROM_CRYPTOAesEcb)
                  000110b4    000000a4     osal.obj (.text:osal_set_event)
                  00011158    000000a4     drivers_cc13x0.aem3 : PowerCC26XX.oem3 (.text:switchXOSCHFclockFunc)
                  000111fc    000000a0                         : GPTimerCC26XX.oem3 (.text:GPTimerCC26XX_close)
                  0001129c    000000a0     rf_multiMode_cc13x0.aem3 : RFCC26XX_multiMode.oem3 (.text:RF_schChkCmdInsert)
                  0001133c    000000a0     cllc.obj (.text:assocIndCb$33)
                  000113dc    000000a0     auto_init.aem3 : auto_init.oem3 (.text)
                  0001147c    000000a0     nvocop.obj (.text:writeItem$28)
                  0001151c    0000009e     rom_sysbios.aem3 : rom_sysbios.obj (.text:xdc_runtime_Text_putSite__E)
                  000115ba    00000002     maclib_secure.a : mac_pwr.obj (.text:macApiPwrOnReq)
                  000115bc    0000009c     cllc.obj (.text:Cllc_init)
                  00011658    0000009c     csf.obj (.text:Csf_getDevice)
                  000116f4    0000009c     rf_multiMode_cc13x0.aem3 : RFCC26XX_multiMode.oem3 (.text:RF_issueRadioFreeCb)
                  00011790    0000009c     csf.obj (.text:findBlackListIndex$35)
                  0001182c    0000009c     maclib_secure.a : mac_coord.obj (.text:macBuildRealign)
                  000118c8    0000009c                     : mac.obj (.text:macRatCb_B)
                  00011964    0000009c                     : mac_mgmt.obj (.text:macRxBeacon)
                  00011a00    0000009c     rtsv7M3_T_le_eabi.lib : memcpy_t2.obj (.text)
                  00011a9c    0000009c     rf_multiMode_cc13x0.aem3 : RFCC26XX_multiMode.oem3 (.text:swiFxnHw)
                  00011b38    00000098     maclib_secure.a : fh_api.obj (.text:FHAPI_reset)
                  00011bd0    00000098                     : fh_data.obj (.text:FHDATA_getPktFromQueue)
                  00011c68    00000098                     : fh_mgr.obj (.text:FHMGR_updateRadioBCChannel)
                  00011d00    00000098     drivers_cc13x0.aem3 : PINCC26XX.oem3 (.text:PIN_open)
                  00011d98    00000098     maclib_secure.a : mac_coord.obj (.text:macIndirectMark$63)
                  00011e30    00000098     rom_sysbios.aem3 : rom_sysbios.obj (.text:ti_sysbios_knl_Clock_workFuncDynamic__E)
                  00011ec8    00000098                      : rom_sysbios.obj (.text:xdc_runtime_Text_putMod__E)
                  00011f60    00000094     csf.obj (.text:Csf_updateFrameCounter)
                  00011ff4    00000094     maclib_secure.a : mac_main.obj (.text:macCbackForEvent)
                  00012088    00000094     collector.obj (.text:sendMsg$34)
                  0001211c    00000090     driverlib.lib : crypto.obj (.text:NOROM_CRYPTOAesLoadKey)
                  000121ac    00000090     drivers_cc13x0.aem3 : SPICC26XXDMA.oem3 (.text:SPICC26XXDMA_control)
                  0001223c    00000090     cllc.obj (.text:disassocIndCb$33)
                  000122cc    0000008e     maclib_secure.a : fh_ie.obj (.text:FHIE_extractHie)
                  0001235a    0000008c     api_mac.obj (.text:copyDataInd$31)
                  000123e6    00000002     maclib_secure.a : mac_mgmt.obj (.text:macNoAction)
                  000123e8    0000008c                     : mac_radio_tx.obj (.text:macRadioTxPrepLbt)
                  00012474    00000088     drivers_cc13x0.aem3 : CryptoCC26XX.oem3 (.text:CryptoCC26XX_allocateKey)
                  000124fc    00000088     driverlib.lib : osc.obj (.text:NOROM_OSCHF_GetStartupTime)
                  00012584    00000088     nvocop.obj (.text:findItem$28)
                  0001260c    00000088     maclib_secure.a : mac_timer.obj (.text:macTimerUpdateSymbolTimer)
                  00012694    00000088     osal.obj (.text:osal_msg_receive)
                  0001271c    00000088     maclib_secure.a : mac_tx.obj (.text:txComplete)
                  000127a4    00000084     grlib.aem3 : rectangle.oem3 (.text:Graphics_fillRectangle)
                  00012828    00000084     rf_multiMode_cc13x0.aem3 : RFCC26XX_multiMode.oem3 (.text:RF_ratDisableChannel)
                  000128ac    00000084     maclib_secure.a : mac_coord.obj (.text:macApiPurgeReq)
                  00012930    00000084                     : mac_mcu.obj (.text:macMcuBitReverse)
                  000129b4    00000080     drivers_cc13x0.aem3 : PWMTimerCC26XX.oem3 (.text:PWMTimerCC26XX_setPeriod)
                  00012a34    00000080     rf_multiMode_cc13x0.aem3 : RFCC26XX_multiMode.oem3 (.text:RF_prepareRadio)
                  00012ab4    00000080                              : RFCC26XX_multiMode.oem3 (.text:hwiFxnCpe0PowerFsm)
                  00012b34    00000080     maclib_secure.a : mac_beacon_device.obj (.text:macTrackTimeoutCallback)
                  00012bb4    00000080     mac_user_config.obj (.text:rf_patch_rfe_genfsk$36)
                  00012c34    0000007c     cllc.obj (.text:Cllc_securityInit)
                  00012cb0    0000007c     csf.obj (.text:Csf_getDeviceItem)
                  00012d2c    0000007c     driverlib.lib : crypto.obj (.text:NOROM_CRYPTOCcmInvAuthDecryptResultGet)
                  00012da8    0000007c     lcd.aem3 : SharpGrLib.oem3 (.text:SharpGrLib_clearScreen)
                  00012e24    0000007c     csf.obj (.text:findDeviceListIndex$35)
                  00012ea0    0000007c     maclib_secure.a : mac_coord.obj (.text:macApiStartReq)
                  00012f1c    0000007c                     : mac_mcu.obj (.text:macMcuOverflowSetPeriod)
                  00012f98    0000007c                     : mac_radio_tx.obj (.text:macRadioTxAckCb$77)
                  00013014    0000007c     main.obj (.text:main)
                  00013090    0000007a     rtsv7M3_T_le_eabi.lib : memset_t2.obj (.text)
                  0001310a    00000002     maclib_secure.a : mac_symbol_timer.obj (.text:macSymbolTimerICallPwrNotify$81)
                  0001310c    00000078                     : fh_util.obj (.text:FHUTIL_getCurBfio)
                  00013184    00000078     rf_multiMode_cc13x0.aem3 : RFCC26XX_multiMode.oem3 (.text:RF_ratCompare)
                  000131fc    00000078                              : RFCC26XX_multiMode.oem3 (.text:RF_yield)
                  00013274    00000078     cllc.obj (.text:beaconNotifyIndCb$33)
                  000132ec    00000078     maclib_secure.a : mac_beacon.obj (.text:macBeaconCheckTxTime)
                  00013364    00000078                     : mac_data.obj (.text:macDataTxComplete)
                  000133dc    00000078                     : mac_scan.obj (.text:macScanStartTimer)
                  00013454    00000078     cllc.obj (.text:sendStartReq$33)
                  000134cc    00000076     maclib_secure.a : mac_security.obj (.text:macKeyDescriptorLookup)
                  00013542    00000002     csf.obj (.text:processReloadTimeoutCallback$35)
                  00013544    00000074     maclib_secure.a : fh_api.obj (.text:FHAPI_startBS)
                  000135b8    00000074                     : fh_nt.obj (.text:FHNT_getNTIndexFromTempIndex$58)
                  0001362c    00000074     icall_cc2650.obj (.text:ICallPlatform_pwrUpdActivityCounter)
                  000136a0    00000074     rf_multiMode_cc13x0.aem3 : RFCC26XX_multiMode.oem3 (.text:hwiFxnHw)
                  00013714    00000074     maclib_secure.a : mac_mcu.obj (.text:macMcuOverflowSetCompare)
                  00013788    00000074                     : mac_radio.obj (.text:macRadioUpdateChannel)
                  000137fc    00000074                     : mac_radio.obj (.text:macRadioUpdateTxPower)
                  00013870    00000074     osal_pwrmgr.obj (.text:osal_pwrmgr_task_state)
                  000138e4    00000074     cllc.obj (.text:scanCnfCb$33)
                  00013958    00000074     rom_sysbios.aem3 : rom_sysbios.obj (.text:ti_sysbios_family_arm_cc26xx_Timer_start__E)
                  000139cc    00000070     maclib_secure.a : fh_dh1cf.obj (.text:FHDH1CF_getBCChannelNum)
                  00013a3c    00000070                     : mac_coord.obj (.text:macIndirectTxFrame$63)
                  00013aac    00000070                     : mac_radio.obj (.text:macRadioUpdateChannelRx)
                  00013b1c    00000070                     : mac_tx.obj (.text:macTxAckReceivedCallback)
                  00013b8c    00000070     cllc.obj (.text:orphanIndCb$33)
                  00013bfc    00000070     nvocop.obj (.text:writeWord$28)
                  00013c6c    0000006d     rom_sysbios.aem3 : rom_sysbios.obj (.text:xdc_runtime_System_formatNum__I)
                  00013cd9    00000001     --HOLE-- [fill = 0]
                  00013cda    00000002     rtsv7M3_T_le_eabi.lib : i_div0.obj (.text)
                  00013cdc    0000006c     maclib_secure.a : fh_data.obj (.text:FHDATA_purgePktFromQueue)
                  00013d48    0000006c     drivers_cc13x0.aem3 : PowerCC26XX_calibrateRCOSC.oem3 (.text:PowerCC26XX_initiateCalibration)
                  00013db4    0000006c     collector.obj (.text:cllcStartedCB$34)
                  00013e20    0000006c     maclib_secure.a : mac_beacon.obj (.text:macBeaconSetupCap)
                  00013e8c    0000006c                     : mac_tx.obj (.text:txGo$82)
                  00013ef8    00000068     driverlib.lib : sys_ctrl.obj (.text:NOROM_SysCtrlAdjustRechargeAfterPowerDown)
                  00013f60    00000068                   : sys_ctrl.obj (.text:NOROM_SysCtrl_DCDC_VoltageConditionalControl)
                  00013fc8    00000068     rtsv7M3_T_le_eabi.lib : copy_decompress_lzss.obj (.text:decompress:lzss)
                  00014030    00000068     rf_multiMode_cc13x0.aem3 : RFCC26XX_multiMode.oem3 (.text:fsmXOSCState)
                  00014098    00000068     drivers_cc13x0.aem3 : PowerCC26XX.oem3 (.text:lfClockReadyCallback)
                  00014100    00000068     maclib_secure.a : mac_main.obj (.text:macSendMsg)
                  00014168    00000068                     : mac_beacon_device.obj (.text:macSyncTimeoutCallback)
                  000141d0    00000068     cllc.obj (.text:maintainAssocTable$33)
                  00014238    00000068     cllc.obj (.text:sendScanReq$33)
                  000142a0    00000064     maclib_secure.a : fh_nt.obj (.text:FHNT_putEntry)
                  00014304    00000064     driverlib.lib : osc.obj (.text:NOROM_OSCHF_AttemptToSwitchToXosc)
                  00014368    00000064     drivers_cc13x0.aem3 : PINCC26XX.oem3 (.text:PIN_add)
                  000143cc    00000064                         : PowerCC26XX.oem3 (.text:configureXOSCHF)
                  00014430    00000064     nvocop.obj (.text:findItemInCache$28)
                  00014494    00000064     maclib_secure.a : mac_coord.obj (.text:macApiOrphanRsp)
                  000144f8    00000064                     : mac_beacon_coord.obj (.text:macBeaconPeriodCallback$61)
                  0001455c    00000064                     : mac_mgmt.obj (.text:macRxDisassoc)
                  000145c0    00000064                     : mac_rx.obj (.text:macRxHaltCleanup)
                  00014624    00000064                     : mac_symbol_timer.obj (.text:macSymbolTimerInit)
                  00014688    00000064                     : mac_beacon_device.obj (.text:macTrackPeriodCallback)
                  000146ec    00000064     osal.obj (.text:osal_msg_enqueue_push$18)
                  00014750    00000062     maclib_secure.a : mac_mgmt.obj (.text:macBuildWSAsyncMsg$68)
                  000147b2    00000002     rtsv7M3_T_le_eabi.lib : l_div0.obj (.text)
                  000147b4    00000060     board_lcd.obj (.text:Board_Lcd_writeStringValue)
                  00014814    00000060     driverlib.lib : osc.obj (.text:NOROM_OSCClockSourceSet)
                  00014874    00000060     csf.obj (.text:findUnusedDeviceListIndex$35)
                  000148d4    00000060     maclib_secure.a : mac_data.obj (.text:macFrameDuration)
                  00014934    00000060                     : mac_radio.obj (.text:macGetRadioTxPowerReg)
                  00014994    00000060                     : mac_scan.obj (.text:macScanComplete)
                  000149f4    00000060                     : mac_beacon_device.obj (.text:macTrackStartCallback)
                  00014a54    00000060     osal.obj (.text:osal_msg_send)
                  00014ab4    00000060     collector.obj (.text:processDataRetry$34)
                  00014b14    0000005e     maclib_secure.a : fh_mgr.obj (.text:FHMGR_updateRadioUCChannel)
                  00014b72    00000002     rom_sysbios.aem3 : rom_sysbios.obj (.text:ti_sysbios_BIOS_linkedWithIncorrectBootLibrary__E)
                  00014b74    0000005c     cllc.obj (.text:Cllc_addSecDevice)
                  00014bd0    0000005c     display.aem3 : Display.oem3 (.text:Display_doOpen)
                  00014c2c    0000005c     maclib_secure.a : mac_mgmt.obj (.text:MAC_ResumeReq)
                  00014c88    0000005c     drivers_cc13x0.aem3 : PowerCC26XX_calibrateRCOSC.oem3 (.text:PowerCC26XX_RCOSC_clockFunc)
                  00014ce4    0000005c                         : PowerCC26XX.oem3 (.text:PowerCC26XX_calibrate)
                  00014d40    0000005c                         : UDMACC26XX.oem3 (.text:UDMACC26XX_open)
                  00014d9c    0000005c     maclib_secure.a : mac_beacon_coord.obj (.text:macBeaconTxCallback$61)
                  00014df8    0000005c                     : mac_symbol_timer.obj (.text:macSymbolTimerEventHandler$81)
                  00014e54    0000005c     collector.obj (.text:sendBroadcastMsg$34)
                  00014eb0    0000005c     rf_multiMode_cc13x0.aem3 : RFCC26XX_multiMode.oem3 (.text:syncCb)
                  00014f0c    0000005c     app_pem3.oem3 (.text:xdc_runtime_Startup_getState__I)
                  00014f68    0000005b     rom_sysbios.aem3 : rom_sysbios.obj (.text:xdc_runtime_Text_putLab__E)
                  00014fc3    00000001     --HOLE-- [fill = 0]
                  00014fc4    0000005a     drivers_cc13x0.aem3 : SPICC26XXDMA.oem3 (.text:SPICC26XXDMA_close)
                  0001501e    00000058     maclib_secure.a : fh_util.obj (.text:FHUTIL_getBitCounts)
                  00015076    00000002     app_pem3.oem3 (.text:ti_sysbios_BIOS_nullFunc__I)
                  00015078    00000058     drivers_cc13x0.aem3 : GPTimerCC26XX.oem3 (.text:GPTimerCC26XX_stop)
                  000150d0    00000058                         : PINCC26XX.oem3 (.text:PIN_remove)
                  00015128    00000058                         : SPICC26XXDMA.oem3 (.text:SPICC26XXDMA_initHw)
                  00015180    00000058     mac_user_config.obj (.text:applyGenfskPatch$36)
                  000151d8    00000058     rf_multiMode_cc13x0.aem3 : RFCC26XX_multiMode.oem3 (.text:applyRfCorePatch)
                  00015230    00000058                              : RFCC26XX_multiMode.oem3 (.text:calculateDispatchTime)
                  00015288    00000058     maclib_secure.a : mac_main.obj (.text:macExecute)
                  000152e0    00000058                     : mac_timer.obj (.text:macTimerAddTimer)
                  00015338    00000058     rf_multiMode_cc13x0.aem3 : RFCC26XX_multiMode.oem3 (.text:ratChanAlloc)
                  00015390    00000058                              : RFCC26XX_multiMode.oem3 (.text:ratChanFree)
                  000153e8    00000056     drivers_cc13x0.aem3 : SPICC26XXDMA.oem3 (.text:SPICC26XXDMA_swiFxn)
                  0001543e    00000054                         : CryptoCC26XX.oem3 (.text:CryptoCC26XX_close)
                  00015492    00000002     rom_sysbios.aem3 : rom_sysbios.obj (.text:ti_sysbios_knl_Clock_triggerFunc__I)
                  00015494    00000054     maclib_secure.a : fh_mgr.obj (.text:FHMGR_macStartFHTimer)
                  000154e8    00000054     lcd.aem3 : SharpGrLib.oem3 (.text:SharpGrLib_lineDrawV)
                  0001553c    00000054     board_led.obj (.text:board_led_ToneStart$6)
                  00015590    00000054     maclib_secure.a : mac_beacon_coord.obj (.text:macBeaconPrepareCallback)
                  000155e4    00000054                     : mac_mgmt.obj (.text:macDisassocComplete)
                  00015638    00000054                     : mac_radio.obj (.text:macRadioWakeupCb)
                  0001568c    00000054                     : mac_symbol_timer.obj (.text:macSymbolTimerSetRollover)
                  000156e0    00000054                     : mac_ie_parse.obj (.text:macUpdatePayloadIEPtr)
                  00015734    00000054     api_mac.obj (.text:processScanCnf$31)
                  00015788    00000054     collector.obj (.text:sendTrackingRequest$34)
                  000157dc    00000052     maclib_secure.a : fh_ie.obj (.text:FHIE_genExcludedChannelMask$56)
                  0001582e    00000052                     : fh_ie.obj (.text:FHIE_getSubPie$56)
                  00015880    00000050                     : fh_data.obj (.text:FHDATA_requeuePkt)
                  000158d0    00000050                     : fh_nt.obj (.text:FHNT_DelDeviceCB)
                  00015920    00000050     driverlib.lib : crypto.obj (.text:NOROM_CRYPTOCcmAuthEncryptResultGet)
                  00015970    00000050     rf_multiMode_cc13x0.aem3 : RFCC26XX_multiMode.oem3 (.text:RF_getCurrentTime)
                  000159c0    00000050                              : RFCC26XX_multiMode.oem3 (.text:RF_ieeeExpansion)
                  00015a10    00000050     maclib_secure.a : mac_beacon_device.obj (.text:macBeaconStartFrameResponseTimer)
                  00015a60    00000050                     : mac.obj (.text:macFsCb$73)
                  00015ab0    00000050                     : mac_coord.obj (.text:macIndirectRequeueFrame$63)
                  00015b00    00000050                     : mac_radio.obj (.text:macRadioSetChannel)
                  00015b50    00000050                     : mac_timer.obj (.text:macTimerCancel)
                  00015ba0    0000004c     display.aem3 : DisplaySharp.oem3 (.text:DisplaySharp_clearLines)
                  00015bec    0000004c     maclib_secure.a : fh_ie.obj (.text:FHIE_getCcaSfdTime$56)
                  00015c38    0000004c                     : fh_mgr.obj (.text:FHMGR_ucTimerIsrCb)
                  00015c84    0000004c     fh_pib.obj (.text:FHPIB_get)
                  00015cd0    0000004c     drivers_cc13x0.aem3 : GPTimerCC26XX.oem3 (.text:GPTimerCC26XX_start)
                  00015d1c    0000004c                         : PWMTimerCC26XX.oem3 (.text:PWMTimerCC26XX_getdutyCounts)
                  00015d68    0000004c     rf_multiMode_cc13x0.aem3 : RFCC26XX_multiMode.oem3 (.text:RF_wakeupNotifyFxn)
                  00015db4    0000004c     maclib_secure.a : mac_coord.obj (.text:macRxAssociateReq)
                  00015e00    0000004c                     : mac_rx.obj (.text:macRxNokIsr)
                  00015e4c    0000004c                     : mac_rx_onoff.obj (.text:macRxOffRequest)
                  00015e98    0000004c                     : mac_tx.obj (.text:macTxAckNotReceivedCallback)
                  00015ee4    0000004c     rtsv7M3_T_le_eabi.lib : cpy_tbl.obj (.text)
                  00015f30    0000004a     display.aem3 : DisplaySharp.oem3 (.text:DisplaySharp_close)
                  00015f7a    0000004a     maclib_secure.a : fh_dh1cf.obj (.text:FHDH1CF_mapChIdxChannel)
                  00015fc4    0000004a     grlib.aem3 : line.oem3 (.text:Graphics_drawLineH)
                  0001600e    0000004a     macstack.obj (.text:icall_slimMsgParser)
                  00016058    00000048     dpl_cc13x0.aem3 : ClockP_tirtos.oem3 (.text:ClockP_construct)
                  000160a0    00000048     csf.obj (.text:Csf_getNumDeviceListEntries)
                  000160e8    00000048     maclib_secure.a : fh_sm.obj (.text:FHSM_event)
                  00016130    00000048     rf_multiMode_cc13x0.aem3 : RFCC26XX_multiMode.oem3 (.text:Q_push)
                  00016178    00000048     lcd.aem3 : SharpGrLib.oem3 (.text:SharpGrLib_drawMultiple)
                  000161c0    00000048     timer.obj (.text:Timer_construct)
                  00016208    00000048     util.obj (.text:Util_itoa)
                  00016250    00000048     csf.obj (.text:getNumBlackListEntries$35)
                  00016298    00000048     maclib_secure.a : mac_beacon.obj (.text:macBeaconInit)
                  000162e0    00000048                     : mac_beacon_coord.obj (.text:macStartBeaconPrepareCallback$61)
                  00016328    00000048                     : mac.obj (.text:macStopCmd)
                  00016370    00000048     rf_multiMode_cc13x0.aem3 : RFCC26XX_multiMode.oem3 (.text:postDirImmCmd)
                  000163b8    00000046     maclib_secure.a : fh_dh1cf.obj (.text:FHDH1CF_getCh)
                  000163fe    00000046                     : fh_ie.obj (.text:FHIE_getCommonInformationLen$56)
                  00016444    00000044                     : fh_api.obj (.text:FHAPI_getRemDT)
                  00016488    00000044                     : fh_nt.obj (.text:FHNT_getEUI)
                  000164cc    00000044     mac_pib.obj (.text:MAC_MlmeGetReq)
                  00016510    00000044     rf_multiMode_cc13x0.aem3 : RFCC26XX_multiMode.oem3 (.text:RF_releasePowerConstraint)
                  00016554    00000044     drivers_cc13x0.aem3 : SPICC26XXDMA.oem3 (.text:SPICC26XXDMA_csnCallback)
                  00016598    00000044     board_key.obj (.text:board_key_keyFxn$4)
                  000165dc    00000044     boot.aem3 : boot.oem3 (.text)
                  00016620    00000044     nvocop.obj (.text:erasePage$28)
                  00016664    00000044     maclib_secure.a : mac.obj (.text:macSetupReceiveCmd)
                  000166a8    00000044     drivers_cc13x0.aem3 : PowerCC26XX.oem3 (.text:notify)
                  000166ec    00000044     rom_sysbios.aem3 : rom_sysbios.obj (.text:xdc_runtime_Text_xprintf__I)
                  00016730    00000042     api_mac.obj (.text:copyMacPanDescToApiMacPanDesc$31)
                  00016772    00000002     app_pem3.oem3 (.text:ti_sysbios_rom_cortexm_cc13xx_CC13xx_badRomRevision__E)
                  00016774    00000040     maclib_secure.a : fh_dh1cf.obj (.text:FHDH1CF_hashword)
                  000167b4    00000040     hal_trng_wrapper.obj (.text:HalTRNG_GetTRNG)
                  000167f4    00000040     osal.obj (.text:ICall_setTimer$18)
                  00016834    00000040     maclib_secure.a : mac_symbol_timer.obj (.text:ICall_setTimer$81)
                  00016874    00000040                     : mac_tx.obj (.text:ICall_setTimer$82)
                  000168b4    00000040     driverlib.lib : chipinfo.obj (.text:NOROM_ChipInfo_GetHwRevision)
                  000168f4    00000040     nvocop.obj (.text:NVOCOP_initNV)
                  00016934    00000040     drivers_cc13x0.aem3 : PINCC26XX.oem3 (.text:PINCC26XX_getConfig)
                  00016974    00000040                         : PINCC26XX.oem3 (.text:PIN_swi)
                  000169b4    00000040                         : PWMTimerCC26XX.oem3 (.text:PWMTimerCC26XX_setDuty)
                  000169f4    00000040                         : PWM.oem3 (.text:PWM_init)
                  00016a34    00000040                         : PWM.oem3 (.text:PWM_open)
                  00016a74    00000040     rf_multiMode_cc13x0.aem3 : RFCC26XX_multiMode.oem3 (.text:RF_getRssi)
                  00016ab4    00000040     drivers_cc13x0.aem3 : SPI.oem3 (.text:SPI_init)
                  00016af4    00000040                         : SPI.oem3 (.text:SPI_open)
                  00016b34    00000040     lcd.aem3 : SharpGrLib.oem3 (.text:SharpGrLib_pixelDraw)
                  00016b74    00000040     maclib_secure.a : mac_mcu.obj (.text:macMcuInit)
                  00016bb4    00000040                     : mac_main.obj (.text:mac_msg_deallocate)
                  00016bf4    00000040     rtsv7M3_T_le_eabi.lib : u_divt2.obj (.text)
                  00016c34    00000040     rom_sysbios.aem3 : rom_sysbios.obj (.text:ti_sysbios_family_arm_cc26xx_Timer_setThreshold__I)
                  00016c74    0000003e     dpl_cc13x0.aem3 : HwiP_tirtos.oem3 (.text:HwiP_construct)
                  00016cb2    00000002     rom_sysbios.aem3 : rom_sysbios.obj (.text:xdc_runtime_SysCallback_defaultAbort)
                  00016cb4    0000003c     maclib_secure.a : fh_mgr.obj (.text:FHMGR_updateHopping)
                  00016cf0    0000003c                     : fh_util.obj (.text:FHUTIL_getCurUfsi)
                  00016d2c    0000003c     icall_cc2650.obj (.text:ICallPlatform_pwrConfigACAction)
                  00016d68    0000003c     api_mac.obj (.text:ICall_sendServiceMsg$31)
                  00016da4    0000003c     osal.obj (.text:ICall_setTimerMSecs$18)
                  00016de0    0000003c     driverlib.lib : osc.obj (.text:NOROM_OSC_HPOSCRelativeFrequencyOffsetGet)
                  00016e1c    0000003c                   : rfc.obj (.text:NOROM_RFCSynthPowerDown)
                  00016e58    0000003c     nvocop.obj (.text:NVOCOP_compactNV)
                  00016e94    0000003c     nvocop.obj (.text:NVOCOP_deleteItem)
                  00016ed0    0000003c     drivers_cc13x0.aem3 : PowerCC26XX.oem3 (.text:PowerCC26XX_isStableXOSC_HF)
                  00016f0c    0000003c     dpl_cc13x0.aem3 : SwiP_tirtos.oem3 (.text:SwiP_construct)
                  00016f48    0000003c     collector.obj (.text:cllcDeviceJoiningCB$34)
                  00016f84    0000003c     drivers_cc13x0.aem3 : PowerCC26XX.oem3 (.text:disableLfClkQualifiersEnableClkLoss)
                  00016fc0    0000003c     rf_multiMode_cc13x0.aem3 : RFCC26XX_multiMode.oem3 (.text:getCmd)
                  00016ffc    0000003c     maclib_secure.a : mac_mgmt.obj (.text:macBcTimerHandler)
                  00017038    0000003c                     : mac_beacon.obj (.text:macBeaconRequeue)
                  00017074    0000003c                     : mac_rx_onoff.obj (.text:macRxDisable)
                  000170b0    0000003c                     : mac.obj (.text:macSetupFsCmd)
                  000170ec    0000003c                     : mac_coord.obj (.text:macStartContinue)
                  00017128    0000003c                     : mac_tx.obj (.text:macTxDecrypt)
                  00017164    0000003c     osal.obj (.text:osal_msg_extract)
                  000171a0    0000003c     rom_sysbios.aem3 : rom_sysbios.obj (.text:ti_sysbios_family_arm_m3_Hwi_construct2__E)
                  000171dc    0000003a     maclib_secure.a : fh_dh1cf.obj (.text:FHDH1CF_getChannelNum)
                  00017216    0000003a     dpl_cc13x0.aem3 : SemaphoreP_tirtos.oem3 (.text:SemaphoreP_construct)
                  00017250    00000038     maclib_secure.a : fh_api.obj (.text:FHAPI_stopAsync)
                  00017288    00000038     hal_trng_wrapper.obj (.text:HalTRNG_InitTRNG)
                  000172c0    00000038     macstack.obj (.text:ICall_enrollService$25)
                  000172f8    00000038     maclib_secure.a : fh_mgr.obj (.text:ICall_setTimer$57)
                  00017330    00000038     nvocop.obj (.text:NVOCOP_readItem)
                  00017368    00000038     drivers_cc13x0.aem3 : PINCC26XX.oem3 (.text:PIN_setOutputValue)
                  000173a0    00000038     collector.obj (.text:findDevice$34)
                  000173d8    00000038     mac_pib.obj (.text:macMRFSKGetPhyDesc)
                  00017410    00000038     maclib_secure.a : mac.obj (.text:macSetUserConfig)
                  00017448    00000038                     : mac_beacon_device.obj (.text:macStartBroadcastPendTimer)
                  00017480    00000038                     : mac_symbol_timer.obj (.text:macSymbolTimerCount)
                  000174b8    00000038     osal.obj (.text:osal_msg_dequeue)
                  000174f0    00000038     rom_sysbios.aem3 : rom_sysbios.obj (.text:ti_sysbios_family_arm_cc26xx_Timer_getCurrentTick__E)
                  00017528    00000036     maclib_secure.a : fh_ie.obj (.text:FHIE_getPie$56)
                  0001755e    00000036     drivers_cc13x0.aem3 : UDMACC26XX.oem3 (.text:UDMACC26XX_close)
                  00017594    00000034     maclib_secure.a : fh_api.obj (.text:FHAPI_SFDRxCb)
                  000175c8    00000034     drivers_cc13x0.aem3 : GPTimerCC26XX.oem3 (.text:GPTimerCC26XXSetLoadMatch)
                  000175fc    00000034     osal.obj (.text:ICall_send$18)
                  00017630    00000034     driverlib.lib : ddi.obj (.text:NOROM_DDI32RegWrite)
                  00017664    00000034                   : osc.obj (.text:NOROM_OSCHF_SwitchToRcOscTurnOffXosc)
                  00017698    00000034     drivers_cc13x0.aem3 : PINCC26XX.oem3 (.text:PIN_setConfig)
                  000176cc    00000034                         : PINCC26XX.oem3 (.text:PIN_setInterrupt)
                  00017700    00000034                         : PowerCC26XX.oem3 (.text:Power_releaseConstraint)
                  00017734    00000034     rf_multiMode_cc13x0.aem3 : RFCC26XX_multiMode.oem3 (.text:Q_end)
                  00017768    00000034                              : RFCC26XX_multiMode.oem3 (.text:RF_checkCmdFsError)
                  0001779c    00000034     nvocop.obj (.text:disableCache$28)
                  000177d0    00000034     maclib_secure.a : mac_beacon_device.obj (.text:macBeaconStopTrack)
                  00017804    00000034                     : mac_timer.obj (.text:macTimerRecalcUnaligned)
                  00017838    00000034                     : mac_tx.obj (.text:macTxUpdateIE)
                  0001786c    00000034     osal.obj (.text:osal_msg_enqueue)
                  000178a0    00000034     csf.obj (.text:saveNumDeviceListEntries$35)
                  000178d4    00000034     rom_sysbios.aem3 : rom_sysbios.obj (.text:ti_sysbios_family_arm_cc26xx_Timer_initDevice__I)
                  00017908    00000034                      : rom_sysbios.obj (.text:ti_sysbios_knl_Swi_setPri__E)
                  0001793c    00000032     maclib_secure.a : fh_ie.obj (.text:FHIE_getHie$56)
                  0001796e    00000032     icall_cc2650.obj (.text:ICallPlatform_pwrNotify$1)
                  000179a0    00000032     maclib_secure.a : mac_scan.obj (.text:macScanCnfInit)
                  000179d2    00000032     rom_sysbios.aem3 : rom_sysbios.obj (.text:ti_sysbios_family_arm_cc26xx_Timer_setNextTick__E)
                  00017a04    00000030     board_lcd.obj (.text:Board_Lcd_writeString)
                  00017a34    00000030     csf.obj (.text:Csf_setConfigClock)
                  00017a64    00000030     csf.obj (.text:Csf_setTrackingClock)
                  00017a94    00000030     maclib_secure.a : fh_nt.obj (.text:FHNT_delTempIndex$58)
                  00017ac4    00000030     drivers_cc13x0.aem3 : GPTimerCC26XX.oem3 (.text:GPTimerCC26XX_configureDebugStall)
                  00017af4    00000030     hal_flash_wrapper.obj (.text:HalFlashRead)
                  00017b24    00000030     icall_cc2650.obj (.text:ICallPlatform_pwrRegisterNotify)
                  00017b54    00000030     driverlib.lib : crypto.obj (.text:NOROM_CRYPTOAesEcbStatus)
                  00017b84    00000030                   : crypto.obj (.text:NOROM_CRYPTOCcmAuthEncryptStatus)
                  00017bb4    00000030                   : crypto.obj (.text:NOROM_CRYPTOCcmInvAuthDecryptStatus)
                  00017be4    00000030                   : chipinfo.obj (.text:NOROM_ChipInfo_GetChipType)
                  00017c14    00000030                   : setup_rom.obj (.text:NOROM_SetupSetAonRtcSubSecInc)
                  00017c44    00000030     drivers_cc13x0.aem3 : PowerCC26XX.oem3 (.text:Power_setConstraint)
                  00017c74    00000030     board_key.obj (.text:board_key_changeHandler$4)
                  00017ca4    00000030     board_key.obj (.text:board_key_delayedSendHandler$4)
                  00017cd4    00000030     collector.obj (.text:cllcStateChangedCB$34)
                  00017d04    00000030     maclib_secure.a : mac_coord.obj (.text:macRxOrphan)
                  00017d34    00000030                     : mac_timer.obj (.text:macTimerSetRollover)
                  00017d64    00000030     osal.obj (.text:osal_alien2proxy)
                  00017d94    00000030     app_pem3.oem3 (.text:ti_sysbios_BIOS_atExitFunc__I)
                  00017dc4    00000030     app_pem3.oem3 (.text:ti_sysbios_BIOS_startFunc__I)
                  00017df4    0000002f     rom_sysbios.aem3 : rom_sysbios.obj (.text:xdc_runtime_Text_printVisFxn__I)
                  00017e23    00000001     --HOLE-- [fill = 0]
                  00017e24    0000002e     csf.obj (.text:Csf_getDeviceShort)
                  00017e52    0000002e     icall_cc2650.obj (.text:ICallPlatform_pwrDispenseImpl$1)
                  00017e80    0000002e     icall_cc2650.obj (.text:ICallPlatform_pwrRequireImpl$1)
                  00017eae    0000002e     lcd.aem3 : SharpGrLib.oem3 (.text:SharpGrLib_initializeDisplayBuffer)
                  00017edc    0000002e     drivers_cc13x0.aem3 : CryptoCC26XX.oem3 (.text:cryptoTransactionPend)
                  00017f0a    0000002c     display.aem3 : DisplaySharp.oem3 (.text:DisplaySharp_clear)
                  00017f36    0000002c     maclib_secure.a : fh_ie.obj (.text:FHIE_getExcludedChannelControl$56)
                  00017f62    00000002     rom_sysbios.aem3 : rom_sysbios.obj (.text:xdc_runtime_SysCallback_defaultExit)
                  00017f64    0000002c     maclib_secure.a : fh_sm.obj (.text:FSM_transaction_debug)
                  00017f90    0000002c     driverlib.lib : osc.obj (.text:NOROM_OSCClockSourceGet)
                  00017fbc    0000002c                   : rfc.obj (.text:NOROM_RFCCPEPatchReset)
                  00017fe8    0000002c     drivers_cc13x0.aem3 : PINCC26XX.oem3 (.text:PINCC26XX_setMux)
                  00018014    0000002c                         : PWMTimerCC26XX.oem3 (.text:PWMTimerCC26XX_close)
                  00018040    0000002c     dpl_cc13x0.aem3 : SemaphoreP_tirtos.oem3 (.text:SemaphoreP_constructBinary)
                  0001806c    0000002c     board_key.obj (.text:board_key_getValues$4)
                  00018098    0000002c     board_led.obj (.text:board_led_LaserTimeoutCallback$6)
                  000180c4    0000002c     rf_multiMode_cc13x0.aem3 : RFCC26XX_multiMode.oem3 (.text:clkPowerUpFxn)
                  000180f0    0000002c     collector.obj (.text:findDeviceStatusBit$34)
                  0001811c    0000002c     nvocop.obj (.text:findOffset$28)
                  00018148    0000002c     collector.obj (.text:getMsduHandle$34)
                  00018174    0000002c     maclib_secure.a : mac_beacon_coord.obj (.text:macBeaconSetPrepareTime$61)
                  000181a0    0000002c     mac_pib.obj (.text:macPibReset)
                  000181cc    0000002c     maclib_secure.a : mac_radio.obj (.text:macRadioSetPanCoordinator)
                  000181f8    0000002c                     : mac_rx_onoff.obj (.text:macRxHardDisable)
                  00018224    0000002c                     : mac_symbol_timer.obj (.text:macSymbolTimerICallTimerCback$81)
                  00018250    0000002c     osal.obj (.text:osal_msec_timer_cback$18)
                  0001827c    0000002c     saddr.obj (.text:sAddrCmp)
                  000182a8    0000002c     rom_sysbios.aem3 : rom_sysbios.obj (.text:ti_sysbios_knl_Clock_getTicksUntilInterrupt__E)
                  000182d4    0000002a     display.aem3 : Display.oem3 (.text:Display_doPrintf)
                  000182fe    0000002a     rom_sysbios.aem3 : rom_sysbios.obj (.text:ti_sysbios_knl_Clock_getTimeout__E)
                  00018328    0000002a                      : rom_sysbios.obj (.text:xdc_runtime_System_putchar__I)
                  00018352    00000028     drivers_cc13x0.aem3 : CryptoCC26XX.oem3 (.text:CryptoCC26XX_releaseKey)
                  0001837a    00000002     --HOLE-- [fill = 0]
                  0001837c    00000028     maclib_secure.a : fh_mgr.obj (.text:FHMGR_macCancelFHTimer)
                  000183a4    00000028     csf.obj (.text:ICall_malloc$35)
                  000183cc    00000028     osal_pwrmgr.obj (.text:ICall_pwrUpdActivityCounter$22)
                  000183f4    00000028     mac_security_pib.obj (.text:MAC_MlmeGetPointerSecurityReq)
                  0001841c    00000028     driverlib.lib : aon_batmon.obj (.text:NOROM_AONBatMonTemperatureGetDegC)
                  00018444    00000028                   : rfc.obj (.text:NOROM_RFCDoorbellSendTo)
                  0001846c    00000028     drivers_cc13x0.aem3 : PowerCC26XX.oem3 (.text:Power_registerNotify)
                  00018494    00000028                         : SPICC26XXDMA.oem3 (.text:SPICC26XXDMA_flushFifos)
                  000184bc    00000028     driverlib.lib : adi.obj (.text:SafeHapiVoid)
                  000184e4    00000028     board_led.obj (.text:board_led_anyBlinking$6)
                  0001850c    00000028     board_led.obj (.text:board_led_convertLedType$6)
                  00018534    00000028     maclib_secure.a : mac_beacon.obj (.text:macBeaconCheckSched)
                  0001855c    00000028                     : mac_mgmt.obj (.text:macCoordAddrCmp)
                  00018584    00000028                     : mac_mgmt.obj (.text:macGetCoordAddress)
                  000185ac    00000028                     : mac_symbol_timer.obj (.text:macSymbolTimerSetTriggerRollover)
                  000185d4    00000028                     : mac_timer.obj (.text:macTimerAligned)
                  000185fc    00000028                     : mac_tx.obj (.text:macTxRequestCsmaRtcDelay)
                  00018624    00000028     osal_memory_icall.obj (.text:osal_mem_alloc)
                  0001864c    00000028     osal_timers.obj (.text:osal_next_timeout)
                  00018674    00000026     maclib_secure.a : fh_util.obj (.text:FHUTIL_getMaxChannels)
                  0001869a    00000026                     : fh_util.obj (.text:FHUTIL_getTxUfsi)
                  000186c0    00000026                     : mac_radio.obj (.text:radioComputeED$76)
                  000186e6    00000002     --HOLE-- [fill = 0]
                  000186e8    00000024     drivers_cc13x0.aem3 : CryptoCC26XX.oem3 (.text:CryptoCC26XX_hwiIntFxn)
                  0001870c    00000024     maclib_secure.a : fh_api.obj (.text:FHAPI_getTxChHoppingFunc)
                  00018730    00000024     fh_pib.obj (.text:FHPIB_getLen)
                  00018754    00000024     drivers_cc13x0.aem3 : PWMTimerCC26XX.oem3 (.text:PWMTimerCC26XX_start)
                  00018778    00000024     rf_multiMode_cc13x0.aem3 : RFCC26XX_multiMode.oem3 (.text:allocCmd)
                  0001879c    00000024     board_led.obj (.text:board_led_ToneTimeoutCallback$6)
                  000187c0    00000024     maclib_secure.a : mac_mgmt.obj (.text:macApiPending)
                  000187e4    00000024                     : mac.obj (.text:macClientSwitchCb)
                  00018808    00000024                     : mac_radio.obj (.text:macRadioStopScan)
                  0001882c    00000024                     : mac_radio_tx.obj (.text:macRadioTxRequestTxAck)
                  00018850    00000024                     : mac_coord.obj (.text:macRxBeaconReq)
                  00018874    00000024                     : mac_rx_onoff.obj (.text:macRxSoftDisable)
                  00018898    00000024                     : mac_coord.obj (.text:macStartComplete)
                  000188bc    00000024     osal.obj (.text:osal_msg_allocate)
                  000188e0    00000024     collector.obj (.text:processConfigRetry$34)
                  00018904    00000024     rtsv7M3_T_le_eabi.lib : memcmp.obj (.text)
                  00018928    00000024     cllc.obj (.text:startCnfCb$33)
                  0001894c    00000024     app_pem3.oem3 (.text:ti_sysbios_BIOS_registerRTSLock__I)
                  00018970    00000024     app_pem3.oem3 (.text:ti_sysbios_BIOS_removeRTSLock__I)
                  00018994    00000024     rom_sysbios.aem3 : rom_sysbios.obj (.text:ti_sysbios_family_arm_cc26xx_Timer_getMaxTicks__E)
                  000189b8    00000022     grlib.aem3 : context.oem3 (.text:Graphics_initContext)
                  000189da    00000022     drivers_cc13x0.aem3 : List.oem3 (.text:List_put)
                  000189fc    00000022     collector.obj (.text:pollIndCB$34)
                  00018a1e    00000002     --HOLE-- [fill = 0]
                  00018a20    00000020     csf.obj (.text:Csf_free)
                  00018a40    00000020     maclib_secure.a : fh_data.obj (.text:FHDATA_updateCCA)
                  00018a60    00000020                     : fh_util.obj (.text:FHUTIL_updateUcNumChannels)
                  00018a80    00000020     hal_flash_wrapper.obj (.text:HalFlashGetAddress)
                  00018aa0    00000020     osal_memory_icall.obj (.text:ICall_free$21)
                  00018ac0    00000020     api_mac.obj (.text:ICall_free$31)
                  00018ae0    00000020     osal.obj (.text:ICall_getTicks$18)
                  00018b00    00000020     maclib_secure.a : fh_api.obj (.text:ICall_getTicks$54)
                  00018b20    00000020                     : fh_data.obj (.text:ICall_getTicks$55)
                  00018b40    00000020                     : fh_mgr.obj (.text:ICall_getTicks$57)
                  00018b60    00000020                     : fh_nt.obj (.text:ICall_getTicks$58)
                  00018b80    00000020                     : fh_util.obj (.text:ICall_getTicks$60)
                  00018ba0    00000020     osal.obj (.text:ICall_signal$18)
                  00018bc0    00000020     maclib_secure.a : mac_symbol_timer.obj (.text:ICall_signal$81)
                  00018be0    00000020     driverlib.lib : rfc.obj (.text:NOROM_RFCAdi3VcoLdoVoltageMode)
                  00018c00    00000020     drivers_cc13x0.aem3 : PWMTimerCC26XX.oem3 (.text:PWMTimerCC26XX_stop)
                  00018c20    00000020     dpl_cc13x0.aem3 : PowerCC26XX_tirtos.oem3 (.text:PowerCC26XX_schedulerDisable)
                  00018c40    00000020                     : PowerCC26XX_tirtos.oem3 (.text:PowerCC26XX_schedulerRestore)
                  00018c60    00000020     drivers_cc13x0.aem3 : PowerCC26XX.oem3 (.text:Power_unregisterNotify)
                  00018c80    00000020     util.obj (.text:Util_clearEvent)
                  00018ca0    00000020     maclib_secure.a : mac_beacon_coord.obj (.text:macBeaconCoordReset$61)
                  00018cc0    00000020                     : mac_data.obj (.text:macDataSend)
                  00018ce0    00000020                     : mac_rx_onoff.obj (.text:macRxOff)
                  00018d00    00000020                     : mac_rx_onoff.obj (.text:macRxSoftEnable)
                  00018d20    00000020                     : mac.obj (.text:macSetCurrChan$73)
[...]
20000f54  macDataCheckSched                                                         
20000f58  macDataCheckTxTime                                                        
20000f5c  macDataBeaconRequeue                                                      
20000f60  macData                                                                   
20000f70  enhancedAckBuf                                                            
2000106c  pinUpperBound                                                             
20001070  pinLowerBound                                                             
20001104  pinHandleTable                                                            
20001180  PowerCC26XX_module                                                        
20001294  macAddrSize                                                               
20001298  FHNT_Dbg                                                                  
200012a0  FHNT_hnd                                                                  
200012d0  FHNT_tempTable                                                            
20001322  FHNT_tableOpt                                                             
2000139c  RF_cmdRat                                                                 
200013a4  RF_cmdNop                                                                 
200013b4  RF_cmdFs                                                                  
200013cc  RF_cmdPropCs                                                              
200013e8  RF_cmdPropCsSlotted                                                       
20001404  RF_cmdPropTxAdv                                                           
20001424  RF_cmdPropRadioDivSetup                                                   
2000144c  RF_cmdPropRxAdv                                                           
20001558  macPanCoordinator                                                         
20001559  macMgmt                                                                   
2000155c  macMgmtAction2                                                            
20001570  macMgmtAction1                                                            
20001598  fhObject                                                                  
20001600  Collector_events                                                          
20001614  Collector_statistics                                                      
20001650  Collector_macCallbacks                                                    
2000169c  ICall_enterCriticalSection                                                
200016a0  ICall_leaveCriticalSection                                                
200016b8  HEAPMGR_SIZE                                                              
200016bc  ICall_dispatcher                                                          
20001790  macTaskId                                                                 
20001794  macMain                                                                   
200017a0  macStateTbl                                                               
200017b4  macReset                                                                  
200017d0  macActionSet                                                              
200017f4  pwrmgr_initialized                                                        
200017f6  pwrmgr_attribute                                                          
200017f8  macReqAccessTimeCnt                                                       
200017f9  reqAccessAlloc                                                            
200017fc  rxCmdHandle                                                               
200017fe  fsCmdHandle                                                               
20001804  lastPostCmd                                                               
20001808  macSfdDetectCback                                                         
20001810  macTxTimestamp                                                            
20001814  pMacRadioConfig                                                           
20001818  rfDrvTblPtr                                                               
2000181c  pRfPropTable                                                              
20001820  pRfPropTableOld                                                           
20001824  pMacRfAntSwitchSel                                                        
20001828  pMacRfAntPwrSel                                                           
20001838  macRxOutput                                                               
20001844  macFrmFilter                                                              
20001908  FH_FSM                                                                    
20001914  FHFSM_Dbg                                                                 
20001958  ti_sysbios_knl_Task_Object__table__V                                      
200019a8  ti_sysbios_family_arm_cc26xx_Timer_Object__table__V                       
200019f0  macBeaconMargin                                                           
20001a10  macBeacon                                                                 
20001a68  ti_sysbios_gates_GateMutex_Object__table__V                               
20001aa1  osal_entity                                                               
20001aa8  osal_qHead                                                                
20001aac  osal_eventloop_hook                                                       
20001ab0  osal_icallMsg_hook                                                        
20001ab4  osal_semaphore                                                            
20001ab8  osal_last_timestamp                                                       
20001abc  osal_tickperiod                                                           
20001ac0  osal_max_msecs                                                            
20001ad0  macPhyChannel                                                             
20001ad1  macUnitBackoffPeriod                                                      
20001ad6  macPhyTxPower                                                             
20001adc  RF_handle                                                                 
20001ae4  RF_params                                                                 
20001b00  txCmdHandle                                                               
20001b04  pMacEnhancedAck                                                           
20001b08  macRadioAckFrame                                                          
20001b10  macAckTimer                                                               
20001b30  ti_sysbios_knl_Swi_Module_State_0_readyQ__A                               
20001b60  ti_sysbios_knl_Swi_Object__table__V                                       
20001b90  ti_sysbios_knl_Task_Module_State_0_readyQ__A                              
20001bc0  macTxSlottedDelay                                                         
20001bc1  macTxSlottedDelayFactor                                                   
20001bc2  macTxType                                                                 
20001bc3  txAckReq                                                                  
20001bc4  macTxBe                                                                   
20001bca  macTxCsmaBackoffDelay                                                     
20001bcc  macCsmaRtcTimerId                                                         
20001bd0  macAckDbg                                                                 
20001c04  ti_sysbios_knl_Clock_Object__table__V                                     
20001c24  xdc_runtime_Error_IgnoreBlock                                             
20001c44  macSpecUsecsPerSymbol                                                     
20001c48  macPrevPeriodRatCount                                                     
20001c4c  macSymbolTimerRollover                                                    
20001c50  macSymbolTimerTrigger                                                     
20001c5c  ti_sysbios_family_arm_m3_Hwi_Object__table__V                             
20001c74  ti_sysbios_heaps_HeapMem_Object__table__V                                 
20001c8c  ApiMac_appEntity                                                          
20001c98  ApiMac_extAddr                                                            
20001ca0  timerUnalignedQ                                                           
20001ca4  timerAlignedQ                                                             
20001cc4  lastRatChanA                                                              
20001cc5  lastRatChanB                                                              
20001cc6  macRxCmdActive                                                            
20001cc7  macTxCmdActive                                                            
20001cc8  macFsCmdActive                                                            
20001cca  macReqAccessCnt                                                           
20001ccc  macReqAccErrCnt                                                           
20001cce  numRfCmd                                                                  
20001ccf  numRxCmd                                                                  
20001cd0  numRxPostCmd                                                              
20001cd2  macRadioFreeCnt                                                           
20001cd4  AppTaskId                                                                 
20001cd8  pMacCbackQueryRetransmit                                                  
20001cdc  pMacCbackCheckPending                                                     
20001ce4  OSAL_timeSeconds                                                          
20001cec  sector_addr                                                               
20001cf8  _lock                                                                     
20001cfc  _unlock                                                                   
20001d00  ti_sysbios_family_arm_m3_Hwi_Module__root__V                              
20001d08  ti_sysbios_gates_GateHwi_Module__root__V                                  
20001d10  ti_sysbios_gates_GateMutex_Module__root__V                                
20001d18  ti_sysbios_hal_Hwi_Module__root__V                                        
20001d20  ti_sysbios_heaps_HeapMem_Module__root__V                                  
20001d28  ti_sysbios_knl_Clock_Module__root__V                                      
20001d30  ti_sysbios_knl_Mailbox_Module__root__V                                    
20001d38  ti_sysbios_knl_Queue_Module__root__V                                      
20001d40  ti_sysbios_knl_Semaphore_Module__root__V                                  
20001d48  ti_sysbios_knl_Swi_Module__root__V                                        
20001d50  ti_sysbios_knl_Task_Module__root__V                                       
20001d58  xdc_runtime_Registry_Module__state__V                                     
20001d64  pOverridesTable                                                           
20001d68  main_func_sp                                                              
20001d6c  ti_sysbios_family_arm_m3_Hwi_Module_State_0_excContext__A                 
20001d70  ti_sysbios_family_arm_m3_Hwi_Module_State_0_excStack__A                   
20001d74  ti_sysbios_knl_Task_Module_State_0_idleTask__A                            
20001d78  macRadioYielded                                                           
20001d79  bInSwi                                                                    
20001d7a  ti_sysbios_family_arm_m3_Hwi_Module_State_0_excActive__A                  
20002580  ti_sysbios_heaps_HeapMem_Instance_State_0_buf__A                          
20002c38  macSecurityPib                                                            
200035c8  ti_sysbios_knl_Task_Instance_State_0_stack__A                             
200037c8  spiCC26XXDMAObjects                                                       
20003980  gptimerCC26XXObjects                                                      
20003b68  ti_sysbios_family_arm_m3_Hwi_dispatchTable                                
20003c30  FH_txTiming                                                               
20003c64  FH_hnd                                                                    
20003cec  FHPIB_db                                                                  
20003d74  cryptoCC26XXObjects                                                       
20003df4  pwmtimerCC26xxObjects                                                     
20003e88  macDevice                                                                 
20003eec  macScanAction                                                             
20003f58  displaySharpObject                                                        
20003ff8  macCoord                                                                  
2000402c  macBeaconCoord                                                            
20004078  macBeaconDevice                                                           
200040ac  rxFhRsl                                                                   
200040ad  macRxFilter                                                               
200040ae  rxPromiscuousMode                                                         
200040ba  macRxDataEntryOffset                                                      
200040c0  rxRadioBufferPtr                                                          
200040cc  macRxDataEntryQueue                                                       
200040d4  udmaObjects                                                               
20004134  PowerCC26XX_taskKey                                                       
20004138  PowerCC26XX_swiKey                                                        
2000413c  timerHead                                                                 
20004144  cryptoDrvTblPtr                                                           
20004148  Crypto_handle                                                             
20004154  ClockP_tickPeriod                                                         
20004158  comp_time                                                                 
2000415c  tasksEvents                                                               
20004162  bc_event                                                                  
20004165  driverlib_release_0_49471                                                 
20004166  g_hwiInt                                                                  
20004167  macPwr                                                                    
20004168  macRxActive                                                               
20004169  macRxEnableFlags                                                          
2000416a  macRxOutgoingAckFlag                                                      
2000416b  macSymbolTimerImpending                                                   
2000416c  macTxActive                                                               
2000416d  heapStart                                                                 
20004b00  __stack                                                                   
20004b00  heapEnd                                                                   
20005000  __STACK_END                                                               
20005000  __STACK_TOP                                                               
e000e000  ti_sysbios_family_arm_m3_Hwi_nvic                                         
ffffffff  __TI_pprof_out_hndl                                                       
ffffffff  __TI_prof_data_size                                                       
ffffffff  __TI_prof_data_start                                                      
ffffffff  __binit__                                                                 
ffffffff  __c_args__                                                                
ffffffff  binit                                                                     
UNDEFED   ClockP_getSystemTicks                                                     
UNDEFED   HwiP_restore                                                              
UNDEFED   SHT$$INIT_ARRAY$$Base                                                     
UNDEFED   SHT$$INIT_ARRAY$$Limit                                                    
UNDEFED   SwiP_restore                                                              
UNDEFED   ti_sysbios_BIOS_RtsGateProxy_Handle__label__S__mangled__                  
UNDEFED   ti_sysbios_BIOS_RtsGateProxy_Params__init__S__mangled__                   
UNDEFED   ti_sysbios_BIOS_RtsGateProxy_query__E__mangled__                          
UNDEFED   ti_sysbios_hal_Hwi_HwiProxy_Module__startupDone__S__mangled__             
UNDEFED   ti_sysbios_hal_Hwi_HwiProxy_Params__init__S__mangled__                    
UNDEFED   ti_sysbios_hal_Hwi_HwiProxy_disableInterrupt__E__mangled__                
UNDEFED   ti_sysbios_hal_Hwi_HwiProxy_enableInterrupt__E__mangled__                 
UNDEFED   ti_sysbios_hal_Hwi_HwiProxy_getStackInfo__E__mangled__                    
UNDEFED   ti_sysbios_hal_Hwi_HwiProxy_startup__E__mangled__                         
UNDEFED   ti_sysbios_hal_Hwi_HwiProxy_switchFromBootStack__E__mangled__             
UNDEFED   ti_sysbios_hal_Hwi_disableInterrupt__E                                    
UNDEFED   ti_sysbios_hal_Hwi_enableInterrupt__E                                     
UNDEFED   ti_sysbios_hal_Hwi_getStackInfo__E                                        
UNDEFED   ti_sysbios_hal_Hwi_startup__E                                             
UNDEFED   ti_sysbios_hal_Hwi_switchFromBootStack__E                                 
UNDEFED   ti_sysbios_heaps_HeapMem_Module_GateProxy_Handle__label__S__mangled__     
UNDEFED   ti_sysbios_heaps_HeapMem_Module_GateProxy_Params__init__S__mangled__      
UNDEFED   ti_sysbios_heaps_HeapMem_Module_GateProxy_query__E__mangled__             
UNDEFED   ti_sysbios_knl_Clock_TimerProxy_Module__startupDone__S__mangled__         
UNDEFED   ti_sysbios_knl_Clock_TimerProxy_startup__E__mangled__                     
UNDEFED   ti_sysbios_knl_Task_SupportProxy_Module__startupDone__S__mangled__        
UNDEFED   ti_sysbios_knl_Task_SupportProxy_getStackAlignment__E__mangled__          
UNDEFED   ti_sysbios_knl_Task_SupportProxy_start__E__mangled__                      
UNDEFED   ti_sysbios_knl_Task_SupportProxy_swap__E__mangled__                       
UNDEFED   xdc_runtime_Main_Module_GateProxy_Handle__label__S                        
UNDEFED   xdc_runtime_Main_Module_GateProxy_query__E                                
UNDEFED   xdc_runtime_Memory_HeapProxy_Handle__label__S__mangled__                  
UNDEFED   xdc_runtime_System_Module_GateProxy_Handle__label__S__mangled__           
UNDEFED   xdc_runtime_System_Module_GateProxy_query__E__mangled__                   
UNDEFED   xdc_runtime_System_SupportProxy_abort__E                                  
UNDEFED   xdc_runtime_System_SupportProxy_exit__E                                   
UNDEFED   xdc_runtime_Timestamp_SupportProxy_get64__E__mangled__                    
UNDEFED   xdc_runtime_Timestamp_SupportProxy_getFreq__E__mangled__                  
UNDEFED   xdc_runtime_Timestamp_get32__E                                            
UNDEFED   xdc_runtime_Timestamp_get64__E                                            
UNDEFED   xdc_runtime_Timestamp_getFreq__E                                          

[1469 symbols]
