******************************************************************************
                  TI ARM Linker PC v16.9.4                     
******************************************************************************
>> Linked Thu Mar 08 21:09:55 2018

OUTPUT FILE NAME:   <collector_cc1310lp.out>
ENTRY POINT SYMBOL: "ResetISR"  address: 000164c1


MEMORY CONFIGURATION

         name            origin    length      used     unused   attr    fill
----------------------  --------  ---------  --------  --------  ----  --------
  FLASH                 00000000   0001e000  0001af76  0000308a  R  X
  FLASH_NV              0001e000   00001000  00001000  00000000  RW X
  FLASH_LAST            0001f000   00001000  00000b3c  000004c4  R  X
  SRAM                  20000000   00005000  00003fb1  0000104f  RW X


SEGMENT ALLOCATION MAP

run origin  load origin   length   init length attrs members
----------  ----------- ---------- ----------- ----- -------
00000000    00000000    00000f90   00000f90    r--
  00000000    00000000    0000003c   0000003c    r-- .resetVecs
  0000003c    0000003c    00000a56   00000a56    r-- config_const
  00000a98    00000a98    000004f8   000004f8    r-- .cinit
00001000    00001000    00019ff8   00019ff8    r-x
  00001000    00001000    0000003c   0000003c    r-- .const:ti_sysbios_knl_Task_Object__PARAMS__C
  0000103c    0000103c    00000034   00000034    r-- .const:ti_sysbios_knl_Mailbox_Object__PARAMS__C
  00001070    00001070    00000030   00000030    r-- .const:ti_sysbios_family_arm_m3_Hwi_Object__PARAMS__C
  000010a0    000010a0    0000002c   0000002c    r-- .const:ti_sysbios_hal_Hwi_Object__PARAMS__C
  000010cc    000010cc    00000028   00000028    r-- .const:ti_sysbios_heaps_HeapMem_Module__FXNS__C
  000010f4    000010f4    00000028   00000028    r-- .const:ti_sysbios_knl_Swi_Object__PARAMS__C
  0000111c    0000111c    00000024   00000024    r-- .const:ti_sysbios_gates_GateHwi_Module__FXNS__C
  00001140    00001140    00000024   00000024    r-- .const:ti_sysbios_gates_GateMutex_Module__FXNS__C
  00001164    00001164    00000024   00000024    r-- .const:ti_sysbios_heaps_HeapMem_Object__PARAMS__C
  00001188    00001188    00000024   00000024    r-- .const:ti_sysbios_knl_Clock_Object__PARAMS__C
  000011ac    000011ac    00000024   00000024    r-- .const:ti_sysbios_knl_Semaphore_Object__PARAMS__C
  000011d0    000011d0    00000020   00000020    r-- .const:ti_sysbios_family_arm_m3_Hwi_Object__DESC__C
  000011f0    000011f0    00000020   00000020    r-- .const:ti_sysbios_gates_GateHwi_Object__DESC__C
  00001210    00001210    00000020   00000020    r-- .const:ti_sysbios_gates_GateMutex_Object__DESC__C
  00001230    00001230    00000020   00000020    r-- .const:ti_sysbios_hal_Hwi_Object__DESC__C
  00001250    00001250    00000020   00000020    r-- .const:ti_sysbios_heaps_HeapMem_Object__DESC__C
  00001270    00001270    00000020   00000020    r-- .const:ti_sysbios_knl_Clock_Object__DESC__C
  00001290    00001290    00000020   00000020    r-- .const:ti_sysbios_knl_Mailbox_Object__DESC__C
  000012b0    000012b0    00000020   00000020    r-- .const:ti_sysbios_knl_Queue_Object__DESC__C
  000012d0    000012d0    00000020   00000020    r-- .const:ti_sysbios_knl_Semaphore_Object__DESC__C
  000012f0    000012f0    00000020   00000020    r-- .const:ti_sysbios_knl_Swi_Object__DESC__C
  00001310    00001310    00000020   00000020    r-- .const:ti_sysbios_knl_Task_Object__DESC__C
  00001330    00001330    00000018   00000018    r-- .const:ti_sysbios_gates_GateHwi_Object__PARAMS__C
  00001348    00001348    00000018   00000018    r-- .const:ti_sysbios_gates_GateMutex_Object__PARAMS__C
  00001360    00001360    00000018   00000018    r-- .const:ti_sysbios_knl_Queue_Object__PARAMS__C
  00001378    00001378    00000008   00000008    r-- .const:ti_sysbios_knl_Idle_funcList__C
  00001384    00001384    00000004   00000004    r-- .const:ti_sysbios_family_arm_cc26xx_Timer_startupNeeded__C
  00001388    00001388    00000004   00000004    r-- .const:ti_sysbios_family_arm_m3_Hwi_E_alreadyDefined__C
  0000138c    0000138c    00000004   00000004    r-- .const:ti_sysbios_family_arm_m3_Hwi_E_hwiLimitExceeded__C
  00001390    00001390    00000004   00000004    r-- .const:ti_sysbios_family_arm_m3_Hwi_NUM_INTERRUPTS__C
  00001394    00001394    00000004   00000004    r-- .const:ti_sysbios_family_arm_m3_Hwi_Object__count__C
  00001398    00001398    00000004   00000004    r-- .const:ti_sysbios_family_arm_m3_Hwi_Object__table__C
  0000139c    0000139c    00000004   00000004    r-- .const:ti_sysbios_family_arm_m3_Hwi_ccr__C
  000013a0    000013a0    00000004   00000004    r-- .const:ti_sysbios_family_arm_m3_Hwi_excHandlerFunc__C
  000013a4    000013a4    00000004   00000004    r-- .const:ti_sysbios_family_arm_m3_Hwi_nullIsrFunc__C
  000013a8    000013a8    00000004   00000004    r-- .const:ti_sysbios_family_arm_m3_Hwi_numSparseInterrupts__C
  000013ac    000013ac    00000004   00000004    r-- .const:ti_sysbios_family_arm_m3_Hwi_priGroup__C
  000013b0    000013b0    00000004   00000004    r-- .const:ti_sysbios_family_arm_m3_TaskSupport_stackAlignment__C
  000013b4    000013b4    00000004   00000004    r-- .const:ti_sysbios_heaps_HeapMem_E_memory__C
  000013b8    000013b8    00000004   00000004    r-- .const:ti_sysbios_heaps_HeapMem_Module__gateObj__C
  000013bc    000013bc    00000004   00000004    r-- .const:ti_sysbios_heaps_HeapMem_Object__count__C
  000013c0    000013c0    00000004   00000004    r-- .const:ti_sysbios_heaps_HeapMem_Object__table__C
  000013c4    000013c4    00000004   00000004    r-- .const:ti_sysbios_heaps_HeapMem_reqAlign__C
  000013c8    000013c8    00000004   00000004    r-- .const:ti_sysbios_knl_Clock_serviceMargin__C
  000013cc    000013cc    00000004   00000004    r-- .const:ti_sysbios_knl_Mailbox_Object__count__C
  000013d0    000013d0    00000004   00000004    r-- .const:ti_sysbios_knl_Mailbox_Object__table__C
  000013d4    000013d4    00000004   00000004    r-- .const:ti_sysbios_knl_Mailbox_maxTypeAlign__C
  000013d8    000013d8    00000004   00000004    r-- .const:ti_sysbios_knl_Queue_Object__count__C
  000013dc    000013dc    00000004   00000004    r-- .const:ti_sysbios_knl_Queue_Object__table__C
  000013e0    000013e0    00000004   00000004    r-- .const:ti_sysbios_knl_Swi_Object__count__C
  000013e4    000013e4    00000004   00000004    r-- .const:ti_sysbios_knl_Swi_Object__table__C
  000013e8    000013e8    00000004   00000004    r-- .const:ti_sysbios_knl_Swi_numPriorities__C
  000013ec    000013ec    00000004   00000004    r-- .const:ti_sysbios_knl_Task_Object__count__C
  000013f0    000013f0    00000004   00000004    r-- .const:ti_sysbios_knl_Task_Object__table__C
  000013f4    000013f4    00000004   00000004    r-- .const:ti_sysbios_knl_Task_allBlockedFunc__C
  000013f8    000013f8    00000004   00000004    r-- .const:ti_sysbios_knl_Task_defaultStackHeap__C
  000013fc    000013fc    00000004   00000004    r-- .const:ti_sysbios_knl_Task_defaultStackSize__C
  00001400    00001400    00000004   00000004    r-- .const:ti_sysbios_knl_Task_numConstructedTasks__C
  00001406    00001406    00000002   00000002    r-- .const:ti_sysbios_family_arm_cc26xx_Timer_Module__id__C
  00001408    00001408    00000002   00000002    r-- .const:ti_sysbios_family_arm_cc26xx_TimestampProvider_useClockTimer__C
  0000140a    0000140a    00000002   00000002    r-- .const:ti_sysbios_family_arm_m3_Hwi_Module__id__C
  0000140c    0000140c    00000002   00000002    r-- .const:ti_sysbios_gates_GateHwi_Module__id__C
  0000140e    0000140e    00000002   00000002    r-- .const:ti_sysbios_gates_GateMutex_Module__id__C
  00001410    00001410    00000002   00000002    r-- .const:ti_sysbios_heaps_HeapMem_Module__id__C
  00001412    00001412    00000002   00000002    r-- .const:ti_sysbios_knl_Task_initStackFlag__C
  00001414    00001414    00000001   00000001    r-- .const:ti_sysbios_knl_Clock_tickMode__C
  00001418    00001418    00000008   00000008    r-- .const:xdc_runtime_Startup_firstFxns__C
  00001420    00001420    00000008   00000008    r-- .const:xdc_runtime_Startup_lastFxns__C
  00001428    00001428    00000004   00000004    r-- .const:xdc_runtime_Assert_E_assertFailed__C
  0000142c    0000142c    00000004   00000004    r-- .const:xdc_runtime_Error_E_memory__C
  00001430    00001430    00000004   00000004    r-- .const:xdc_runtime_Error_policyFxn__C
  00001434    00001434    00000004   00000004    r-- .const:xdc_runtime_IGateProvider_Interface__BASE__C
  00001438    00001438    00000004   00000004    r-- .const:xdc_runtime_IHeap_Interface__BASE__C
  0000143c    0000143c    00000004   00000004    r-- .const:xdc_runtime_IModule_Interface__BASE__C
  00001440    00001440    00000004   00000004    r-- .const:xdc_runtime_Main_Module__diagsEnabled__C
  00001444    00001444    00000004   00000004    r-- .const:xdc_runtime_Main_Module__diagsIncluded__C
  00001448    00001448    00000004   00000004    r-- .const:xdc_runtime_Main_Module__diagsMask__C
  0000144c    0000144c    00000004   00000004    r-- .const:xdc_runtime_Memory_defaultHeapInstance__C
  00001450    00001450    00000004   00000004    r-- .const:xdc_runtime_Startup_execImpl__C
  00001454    00001454    00000004   00000004    r-- .const:xdc_runtime_Startup_maxPasses__C
  00001458    00001458    00000004   00000004    r-- .const:xdc_runtime_Startup_sfxnRts__C
  0000145c    0000145c    00000004   00000004    r-- .const:xdc_runtime_Startup_sfxnTab__C
  00001460    00001460    00000004   00000004    r-- .const:xdc_runtime_Startup_startModsFxn__C
  00001464    00001464    00000004   00000004    r-- .const:xdc_runtime_SysCallback_abortFxn__C
  00001468    00001468    00000004   00000004    r-- .const:xdc_runtime_SysCallback_exitFxn__C
  0000146c    0000146c    00000004   00000004    r-- .const:xdc_runtime_System_abortFxn__C
  00001470    00001470    00000004   00000004    r-- .const:xdc_runtime_System_exitFxn__C
  00001474    00001474    00000004   00000004    r-- .const:xdc_runtime_System_maxAtexitHandlers__C
  00001478    00001478    00000004   00000004    r-- .const:xdc_runtime_Text_charTab__C
  0000147c    0000147c    00000004   00000004    r-- .const:xdc_runtime_Text_nameEmpty__C
  00001480    00001480    00000004   00000004    r-- .const:xdc_runtime_Text_nameStatic__C
  00001484    00001484    00000004   00000004    r-- .const:xdc_runtime_Text_nameUnknown__C
  00001488    00001488    00000002   00000002    r-- .const:xdc_runtime_Main_Module__id__C
  0000148a    0000148a    00000002   00000002    r-- .const:xdc_runtime_Memory_Module__id__C
  0000148c    0000148c    00000002   00000002    r-- .const:xdc_runtime_Text_charCnt__C
  0000148e    0000148e    00000002   00000002    r-- .const:xdc_runtime_Text_isLoaded__C
  00001490    00001490    00000001   00000001    r-- .const:xdc_runtime_Error_policy__C
  00001494    00001494    00000004   00000004    r-- .const:ti_sysbios_rom_ROM_AONRTCChannelEnable
  00001498    00001498    00000004   00000004    r-- .const:ti_sysbios_rom_ROM_AONRTCCompareValueSet
  0000149c    0000149c    00000004   00000004    r-- .const:ti_sysbios_rom_ROM_AONRTCCurrentCompareValueGet
  000014a0    000014a0    00000004   00000004    r-- .const:ti_sysbios_rom_ROM_AONRTCEventClear
  000014a4    000014a4    00000004   00000004    r-- .const:ti_sysbios_rom_ROM_ti_sysbios_family_arm_cc26xx_Timer_getCount64__E
  000014a8    000014a8    00000004   00000004    r-- .const:ti_sysbios_rom_ROM_ti_sysbios_family_arm_cc26xx_Timer_getCurrentTick__E
  000014ac    000014ac    00000004   00000004    r-- .const:ti_sysbios_rom_ROM_ti_sysbios_family_arm_cc26xx_Timer_getMaxTicks__E
  000014b0    000014b0    00000004   00000004    r-- .const:ti_sysbios_rom_ROM_ti_sysbios_family_arm_cc26xx_Timer_initDevice__I
  000014b4    000014b4    00000004   00000004    r-- .const:ti_sysbios_rom_ROM_ti_sysbios_family_arm_cc26xx_Timer_setNextTick__E
  000014b8    000014b8    00000004   00000004    r-- .const:ti_sysbios_rom_ROM_ti_sysbios_family_arm_cc26xx_Timer_setThreshold__I
  000014bc    000014bc    00000004   00000004    r-- .const:ti_sysbios_rom_ROM_ti_sysbios_family_arm_cc26xx_Timer_start__E
  000014c0    000014c0    00000004   00000004    r-- .const:ti_sysbios_rom_ROM_ti_sysbios_family_arm_cc26xx_TimestampProvider_get32__E
  000014c4    000014c4    00000004   00000004    r-- .const:ti_sysbios_rom_ROM_xdc_runtime_Startup_getState__I
  000014c8    000014c8    00000004   00000004    r-- .const:ti_sysbios_rom_ROM_xdc_runtime_System_SupportProxy_abort__E
  000014cc    000014cc    00000004   00000004    r-- .const:ti_sysbios_rom_ROM_xdc_runtime_System_SupportProxy_exit__E
  000014d0    000014d0    00000004   00000004    r-- .const:ti_sysbios_gates_GateMutex_Instance_State_sem__O
  000014d4    000014d4    00000004   00000004    r-- .const:ti_sysbios_knl_Clock_Module_State_clockQ__O
  000014d8    000014d8    00000004   00000004    r-- .const:ti_sysbios_knl_Mailbox_Instance_State_dataQue__O
  000014dc    000014dc    00000004   00000004    r-- .const:ti_sysbios_knl_Mailbox_Instance_State_dataSem__O
  000014e0    000014e0    00000004   00000004    r-- .const:ti_sysbios_knl_Mailbox_Instance_State_freeQue__O
  000014e4    000014e4    00000004   00000004    r-- .const:ti_sysbios_knl_Mailbox_Instance_State_freeSem__O
  000014e8    000014e8    00000004   00000004    r-- .const:ti_sysbios_knl_Semaphore_Instance_State_pendQ__O
  000014ec    000014ec    00000004   00000004    r-- .const:ti_sysbios_knl_Task_Module_State_inactiveQ__O
  000014f0    000014f0    000189d4   000189d4    r-x .text
  00019ec4    00019ec4    00001134   00001134    r-- .const
0001e000    0001e000    00001ae4   00001ae4    r-x
  0001e000    0001e000    00001000   00001000    r-- .TI.bound:NV_FLASH
  0001f000    0001f000    00000ae4   00000ae4    r-x flash_last_text
0001ffa8    0001ffa8    00000058   00000058    r--
  0001ffa8    0001ffa8    00000058   00000058    r-- .ccfg
20000100    20000100    00000104   00000000    rw-
  20000100    20000100    00000044   00000000    rw- .data:ti_sysbios_knl_Task_Module__state__V
  20000144    20000144    00000034   00000000    rw- .data:ti_sysbios_family_arm_m3_Hwi_Module__state__V
  20000178    20000178    0000002c   00000000    rw- .data:ti_sysbios_knl_Clock_Module__state__V
  200001a4    200001a4    00000024   00000000    rw- .data:ti_sysbios_BIOS_Module__state__V
  200001c8    200001c8    0000001c   00000000    rw- .data:ti_sysbios_knl_Swi_Module__state__V
  200001e4    200001e4    00000008   00000000    rw- .data:ti_sysbios_family_arm_cc26xx_Timer_Module__state__V
  200001ec    200001ec    00000004   00000000    rw- .data:ti_sysbios_family_arm_cc26xx_TimestampProvider_Module__state__V
  200001f0    200001f0    00000008   00000000    rw- .data:xdc_runtime_Startup_Module__state__V
  200001f8    200001f8    00000008   00000000    rw- .data:xdc_runtime_System_Module__state__V
  20000200    20000200    00000004   00000000    rw- .data:xdc_runtime_Memory_Module__state__V
20000430    20000430    00000010   00000000    rw-
  20000430    20000430    00000010   00000000    rw- .TI.bound:dmaSpi0RxControlTableEntry
20000440    20000440    00000010   00000000    rw-
  20000440    20000440    00000010   00000000    rw- .TI.bound:dmaSpi0TxControlTableEntry
20000500    20000500    00000010   00000000    rw-
  20000500    20000500    00000010   00000000    rw- .TI.bound:dmaSpi1RxControlTableEntry
20000510    20000510    000038b5   00000000    rw-
  20000510    20000510    00000010   00000000    rw- .TI.bound:dmaSpi1TxControlTableEntry
  20000520    20000520    00001836   00000000    rw- .data
  20001d58    20001d58    0000206d   00000000    rw- .bss
20004b00    20004b00    00000500   00000000    rw-
  20004b00    20004b00    00000500   00000000    rw- .stack


SECTION ALLOCATION MAP

 output                                  attributes/
section   page    origin      length       input sections
--------  ----  ----------  ----------   ----------------
config_const 
*          0    0000003c    00000a56     
                  0000003c    00000964     mac_user_config.obj (.const:$O25$$)
                  000009a0    00000054     mac_user_config.obj (.const:rfDriverTable)
                  000009f4    0000002d     mac_user_config.obj (.const:txPowerTable_cc1310)
                  00000a21    0000002d     mac_user_config.obj (.const:txPowerTable_cc1350)
                  00000a4e    00000001     mac_user_config.obj (.const)
                  00000a4f    00000001     --HOLE-- [fill = 0]
                  00000a50    00000028     mac_user_config.obj (.const:cryptoDriverTable)
                  00000a78    00000010     mac_user_config.obj (.const:rfPropTable)
                  00000a88    0000000a     mac_user_config.obj (.const:txPwrTbl)

.cinit     0    00000a98    000004f8     
                  00000a98    0000037f     (.cinit..data.load) [load image, compression = lzss]
                  00000e17    00000028     (.cinit..data:ti_sysbios_family_arm_m3_Hwi_Module__state__V.load) [load image, compression = lzss]
                  00000e3f    00000021     (.cinit..data:ti_sysbios_knl_Task_Module__state__V.load) [load image, compression = lzss]
                  00000e60    0000001f     (.cinit..data:ti_sysbios_BIOS_Module__state__V.load) [load image, compression = lzss]
                  00000e7f    0000001d     (.cinit..data:ti_sysbios_knl_Clock_Module__state__V.load) [load image, compression = lzss]
                  00000e9c    0000000e     (.cinit..data:ti_sysbios_knl_Swi_Module__state__V.load) [load image, compression = lzss]
                  00000eaa    00000002     --HOLE-- [fill = 0]
                  00000eac    0000000c     (__TI_handler_table)
                  00000eb8    0000000b     (.cinit..data:ti_sysbios_family_arm_cc26xx_Timer_Module__state__V.load) [load image, compression = lzss]
                  00000ec3    00000005     --HOLE-- [fill = 0]
                  00000ec8    00000008     (.cinit..TI.bound:dmaSpi0RxControlTableEntry.load) [load image, compression = zero_init]
                  00000ed0    00000008     (.cinit..TI.bound:dmaSpi0TxControlTableEntry.load) [load image, compression = zero_init]
                  00000ed8    00000008     (.cinit..TI.bound:dmaSpi1RxControlTableEntry.load) [load image, compression = zero_init]
                  00000ee0    00000008     (.cinit..TI.bound:dmaSpi1TxControlTableEntry.load) [load image, compression = zero_init]
                  00000ee8    00000008     (.cinit..bss.load) [load image, compression = zero_init]
                  00000ef0    00000008     (.cinit..data:xdc_runtime_Memory_Module__state__V.load) [load image, compression = lzss]
                  00000ef8    00000007     (.cinit..data:ti_sysbios_family_arm_cc26xx_TimestampProvider_Module__state__V.load) [load image, compression = lzss]
                  00000eff    00000007     (.cinit..data:xdc_runtime_Startup_Module__state__V.load) [load image, compression = lzss]
                  00000f06    00000007     (.cinit..data:xdc_runtime_System_Module__state__V.load) [load image, compression = lzss]
                  00000f0d    00000003     --HOLE-- [fill = 0]
                  00000f10    00000080     (__TI_cinit_table)

.text      0    000014f0    000189d4     
                  000014f0    000009bc     maclib_secure.a : mac.obj (.text:macRxCb$73)
                  00001eac    00000960     main.obj (.text:taskFxn)
                  0000280c    00000618     maclib_secure.a : mac_rx.obj (.text:rxPayloadIsr$78)
                  00002e24    00000500     driverlib.lib : setup.obj (.text:TrimAfterColdResetWakeupFromShutDown$45)
                  00003324    00000458     icall_startup.obj (.text:startup_entry)
                  0000377c    00000442     maclib_secure.a : fh_ie.obj (.text:FHIE_parsePie)
                  00003bbe    00000002     display.aem3 : DisplaySharp.oem3 (.text:DisplaySharp_init)
                  00003bc0    000003f0     rf_multiMode_cc13x0.aem3 : RFCC26XX_multiMode.oem3 (.text:fsmActiveState)
                  00003fb0    00000394     maclib_secure.a : mac_mgmt.obj (.text:macBuildHeader)
                  00004344    0000036e     api_mac.obj (.text:processIncomingICallMsg$31)
                  000046b2    00000002     maclib_secure.a : fh_util.obj (.text:FHUTIL_noAction)
                  000046b4    00000360                     : mac_radio.obj (.text:macRadioInit)
                  00004a14    0000033c     rom_sysbios.aem3 : rom_sysbios.obj (.text:xdc_runtime_System_doPrint__I)
                  00004d50    0000030c     drivers_cc13x0.aem3 : PowerCC26XX_calibrateRCOSC.oem3 (.text:PowerCC26XX_auxISR)
                  0000505c    000002f4                         : SPICC26XXDMA.oem3 (.text:SPICC26XXDMA_transfer)
                  00005350    000002e4     maclib_secure.a : mac_radio_tx.obj (.text:macRadioTxGo)
                  00005634    000002d8                     : fh_api.obj (.text:FHAPI_getTxParams_old)
                  0000590c    000002d0     grlib.aem3 : string.oem3 (.text:Graphics_drawString)
                  00005bdc    000002c6     maclib_secure.a : fh_ie.obj (.text:FHIE_gen)
                  00005ea2    00000002                     : fh_data.obj (.text:FH_startEDFETimer)
                  00005ea4    000002c0     osal.obj (.text:osal_start_system)
                  00006164    000002ac     maclib_secure.a : fh_ie.obj (.text:FHIE_genPieContent$56)
                  00006410    00000284     macwrapper.obj (.text:macWrapperAddDevice)
                  00006694    0000025c     maclib_secure.a : fh_api.obj (.text:FHAPI_completeRxCb)
                  000068f0    00000248                     : mac_data.obj (.text:MAC_McpsDataReq)
                  00006b38    00000244                     : mac_mgmt.obj (.text:MAC_MlmeResetReq)
                  00006d7c    00000228     mac_pib.obj (.text:MAC_MlmeSetReq)
                  00006fa4    00000228     driverlib.lib : sys_ctrl.obj (.text:NOROM_SysCtrlSetRechargeBeforePowerDown)
                  000071cc    00000228     collector.obj (.text:processSensorData$34)
                  000073f4    00000224     drivers_cc13x0.aem3 : PowerCC26XX.oem3 (.text:Power_sleep)
                  00007618    00000224     maclib_secure.a : mac_mgmt.obj (.text:macBuildCommonReq)
                  0000783c    0000021e     rtsv7M3_T_le_eabi.lib : ll_div_t2.obj (.text)
                  00007a5a    0000020e     maclib_secure.a : mac_security.obj (.text:macIncomingFrameSecurityMaterialRetrieval)
                  00007c68    0000020c                     : mac_pwr.obj (.text:macPwrVote)
                  00007e74    00000208     drivers_cc13x0.aem3 : CryptoCC26XX.oem3 (.text:cryptoTransactionExecute)
                  0000807c    00000204     maclib_secure.a : fh_api.obj (.text:FHAPI_sendData)
                  00008280    000001fc     rf_multiMode_cc13x0.aem3 : RFCC26XX_multiMode.oem3 (.text:RF_open)
                  0000847c    000001f4     maclib_secure.a : fh_api.obj (.text:FHAPI_start)
                  00008670    000001f4     rtsv7M3_T_le_eabi.lib : ull_div_t2.obj (.text)
                  00008864    000001f0     maclib_secure.a : mac_coord.obj (.text:macBuildBeacon)
                  00008a54    000001d8     mac_security_pib.obj (.text:MAC_MlmeSetSecurityReq)
                  00008c2c    000001cc     csf.obj (.text:displayUpdate$35)
                  00008df8    000001c6     maclib_secure.a : fh_ie.obj (.text:FHIE_extractPie)
                  00008fbe    00000002     drivers_cc13x0.aem3 : PWMTimerCC26XX.oem3 (.text:PWMTimerCC26XX_init)
                  00008fc0    000001c4     maclib_secure.a : mac_tx.obj (.text:txCsmaPrep$82)
                  00009184    000001c0                     : mac_beacon_device.obj (.text:macRxBeaconCritical)
                  00009344    000001c0     macstack.obj (.text:macStackEventLoop)
                  00009504    000001bc     drivers_cc13x0.aem3 : PINCC26XX.oem3 (.text:PIN_init)
                  000096c0    000001bc     maclib_secure.a : mac_data.obj (.text:macApiDataReq)
                  0000987c    000001bc                     : mac_scan.obj (.text:macApiScanReq)
                  00009a38    000001b4                     : fh_ie.obj (.text:FHIE_parseCommonInformation$56)
                  00009bec    000001a4                     : mac_tx.obj (.text:macTxFrame)
                  00009d90    0000019c                     : fh_nt.obj (.text:FHNT_getEntry)
                  00009f2c    0000019c     rf_multiMode_cc13x0.aem3 : RFCC26XX_multiMode.oem3 (.text:fsmSetupState)
                  0000a0c8    0000019c     maclib_secure.a : mac_data.obj (.text:macTxCompleteCallback)
                  0000a264    00000194     rf_multiMode_cc13x0.aem3 : RFCC26XX_multiMode.oem3 (.text:RF_scheduleCmd)
                  0000a3f8    00000190     drivers_cc13x0.aem3 : PowerCC26XX_calibrateRCOSC.oem3 (.text:PowerCC26XX_doCalibrate)
                  0000a588    00000188     maclib_secure.a : mac_ie_build.obj (.text:macBuildPayloadIes)
                  0000a710    00000180                     : mac_rx_onoff.obj (.text:macRxOn)
                  0000a890    0000017c     driverlib.lib : crypto.obj (.text:NOROM_CRYPTOCcmInvAuthDecrypt)
                  0000aa0c    0000017c     maclib_secure.a : mac_mgmt.obj (.text:macTxCsmaDelay)
                  0000ab88    00000178     driverlib.lib : crypto.obj (.text:NOROM_CRYPTOCcmAuthEncrypt)
                  0000ad00    00000170     fh_pib.obj (.text:FHPIB_set)
                  0000ae70    00000170     rf_multiMode_cc13x0.aem3 : RFCC26XX_multiMode.oem3 (.text:RF_schCmdRunInsertPreempt)
                  0000afe0    0000015c     maclib_secure.a : mac_beacon_device.obj (.text:macAutoPoll)
                  0000b13c    0000015c                     : mac_radio_tx.obj (.text:macRadioCsmaTxCb)
                  0000b298    00000158     mac_security_pib.obj (.text:MAC_MlmeGetSecurityReq)
                  0000b3f0    00000158     drivers_cc13x0.aem3 : SPICC26XXDMA.oem3 (.text:SPICC26XXDMA_initIO)
                  0000b548    00000154     maclib_secure.a : mac_mgmt.obj (.text:macApiDisassociateReq)
                  0000b69c    00000154     rf_multiMode_cc13x0.aem3 : RFCC26XX_multiMode.oem3 (.text:radioOpDoneCb)
                  0000b7f0    0000014c     maclib_secure.a : mac_coord.obj (.text:macApiAssociateRsp)
                  0000b93c    0000014c                     : mac_beacon_coord.obj (.text:macTxBeaconCompleteCallback)
                  0000ba88    00000148                     : fh_api.obj (.text:FHAPI_completeTxCb)
                  0000bbd0    00000148     rf_multiMode_cc13x0.aem3 : RFCC26XX_multiMode.oem3 (.text:fsmChangePhyState)
                  0000bd18    00000148     maclib_secure.a : mac_coord.obj (.text:macRxDataReq)
                  0000be60    00000144     macwrapper.obj (.text:macWrapperAddKeyInitFCtr)
                  0000bfa4    00000140     nvocop.obj (.text:compactPage$28)
                  0000c0e4    0000013c     rf_multiMode_cc13x0.aem3 : RFCC26XX_multiMode.oem3 (.text:hwiFxnCpe0Active)
                  0000c220    00000138     display.aem3 : DisplaySharp.oem3 (.text:DisplaySharp_open)
                  0000c358    00000134     maclib_secure.a : mac_beacon_device.obj (.text:macApiSyncReq)
                  0000c48c    00000130                     : mac_data.obj (.text:macAllocTxBuffer)
                  0000c5bc    00000130                     : mac_beacon_coord.obj (.text:macBeaconStartContinue)
                  0000c6ec    00000128                     : fh_nt.obj (.text:FHNT_purgeTimerIsrCb$58)
                  0000c814    00000128     collector.obj (.text:generateTrackingRequests$34)
                  0000c93c    00000124     drivers_cc13x0.aem3 : SPICC26XXDMA.oem3 (.text:SPICC26XXDMA_open)
                  0000ca60    0000011c     maclib_secure.a : mac_mgmt.obj (.text:macApiWSAsyncReq$68)
                  0000cb7c    00000118     collector.obj (.text:dataIndCB$34)
                  0000cc94    00000118     maclib_secure.a : mac_security.obj (.text:macCcmStarTransform)
                  0000cdac    00000114     drivers_cc13x0.aem3 : PowerCC26XX.oem3 (.text:Power_init)
                  0000cec0    00000110     collector.obj (.text:dataCnfCB$34)
                  0000cfd0    00000100     rf_multiMode_cc13x0.aem3 : RFCC26XX_multiMode.oem3 (.text:fsmPowerUpState)
                  0000d0d0    00000100     maclib_secure.a : mac.obj (.text:macSetupRATChanCompare)
                  0000d1d0    000000fc     csf.obj (.text:Csf_deviceUpdate)
                  0000d2cc    000000fc     rf_multiMode_cc13x0.aem3 : RFCC26XX_multiMode.oem3 (.text:RF_close)
                  0000d3c8    000000f8     maclib_secure.a : fh_ie.obj (.text:FHIE_genCommonInformation$56)
                  0000d4c0    000000f8     app_pem3.oem3 (.text:xdc_runtime_System_printfExtend__I)
                  0000d5b8    000000f4     maclib_secure.a : fh_mgr.obj (.text:FHMGR_bcTimerIsrCb)
                  0000d6ac    000000f4                     : mac_radio_tx.obj (.text:macRadioTxPrepCsmaUnslotted)
                  0000d7a0    000000f0     driverlib.lib : setup.obj (.text:NOROM_SetupTrimDevice)
                  0000d890    000000f0     rf_multiMode_cc13x0.aem3 : RFCC26XX_multiMode.oem3 (.text:RF_pendCmd)
                  0000d980    000000f0     maclib_secure.a : mac_security.obj (.text:macCcmStarInverseTransform)
                  0000da70    000000ec     drivers_cc13x0.aem3 : PWMTimerCC26XX.oem3 (.text:PWMTimerCC26XX_open)
                  0000db5c    000000e8                         : SPICC26XXDMA.oem3 (.text:SPICC26XXDMA_transferCancel)
                  0000dc44    000000e8     maclib_secure.a : mac_main.obj (.text:macSendDataMsg)
                  0000dd2c    000000e4                     : fh_ie.obj (.text:FHIE_parseHie)
                  0000de10    000000e4     dpl_cc13x0.aem3 : PowerCC26XX_tirtos.oem3 (.text:PowerCC26XX_standbyPolicy)
                  0000def4    000000e4     rf_multiMode_cc13x0.aem3 : RFCC26XX_multiMode.oem3 (.text:RF_requestAccess)
                  0000dfd8    000000e4     maclib_secure.a : mac_beacon.obj (.text:macBeaconSetSched)
                  0000e0bc    000000e4                     : mac_scan.obj (.text:macScanNextChan)
                  0000e1a0    000000e2     lcd.aem3 : SharpGrLib.oem3 (.text:SharpGrLib_rectFill)
                  0000e282    00000002     uart_printf.obj (.text:UartPrintf_flush)
                  0000e284    000000e0     board_led.obj (.text:Board_Led_control)
                  0000e364    000000e0     maclib_secure.a : mac_radio_tx.obj (.text:macRadioTxAck$77)
                  0000e444    000000dc     collector.obj (.text:Collector_sendConfigRequest)
                  0000e520    000000dc     drivers_cc13x0.aem3 : PINCC26XX.oem3 (.text:PINCC26XX_setIoCfg)
                  0000e5fc    000000dc     rf_multiMode_cc13x0.aem3 : RFCC26XX_multiMode.oem3 (.text:RF_getInfo)
                  0000e6d8    000000dc     lcd.aem3 : SharpGrLib.oem3 (.text:SharpGrLib_flush)
                  0000e7b4    000000dc     maclib_secure.a : mac_radio.obj (.text:macRadioPowerUpBeaconMode)
                  0000e890    000000d8                     : fh_nt.obj (.text:FHNT_getRemoveEntryFromTemp$58)
                  0000e968    000000d8     driverlib.lib : rfc.obj (.text:NOROM_RFCOverrideUpdate)
                  0000ea40    000000d8     rf_multiMode_cc13x0.aem3 : RFCC26XX_multiMode.oem3 (.text:RF_schCmdPriority)
                  0000eb18    000000d8     maclib_secure.a : mac_mgmt.obj (.text:macCommStatusInd)
                  0000ebf0    000000d8                     : mac_radio_tx.obj (.text:macRadioLbtTxCb)
                  0000ecc8    000000d4     drivers_cc13x0.aem3 : CryptoCC26XX.oem3 (.text:CryptoCC26XX_open)
                  0000ed9c    000000d4     maclib_secure.a : fh_api.obj (.text:FHAPI_getTxParams)
                  0000ee70    000000d4     driverlib.lib : rfc.obj (.text:NOROM_RFCRfTrimRead)
                  0000ef44    000000d4     rf_multiMode_cc13x0.aem3 : RFCC26XX_multiMode.oem3 (.text:RF_control)
                  0000f018    000000d4                              : RFCC26XX_multiMode.oem3 (.text:RF_postCmd)
                  0000f0ec    000000d4     maclib_secure.a : mac_coord.obj (.text:macIndirectExpire)
                  0000f1c0    000000d0     macstack.obj (.text:MAC_CbackEvent)
                  0000f290    000000d0     maclib_secure.a : mac_data.obj (.text:macDataTxSend)
                  0000f360    000000d0                     : mac.obj (.text:macRatCb_A)
                  0000f430    000000d0                     : mac_coord.obj (.text:macStartBegin)
                  0000f500    000000d0                     : mac_symbol_timer.obj (.text:macSymbolTimerUpdateWakeup$81)
                  0000f5d0    000000cc     driverlib.lib : crypto.obj (.text:NOROM_CRYPTOAesCbc)
                  0000f69c    000000cc     nvocop.obj (.text:NVOCOP_writeItem)
                  0000f768    000000cc     maclib_secure.a : mac_beacon_coord.obj (.text:macApiBeaconStartReq)
                  0000f834    000000cc                     : mac_security.obj (.text:macOutgoingFrameKeyDescRetrieval)
                  0000f900    000000c8                     : mac_ie_build.obj (.text:macBuildHeaderIes)
                  0000f9c8    000000c8                     : mac_scan.obj (.text:macScanRxBeacon)
                  0000fa90    000000c4     display.aem3 : DisplaySharp.oem3 (.text:DisplaySharp_control)
                  0000fb54    000000c4     maclib_secure.a : fh_data.obj (.text:FHDATA_procASYNCReq)
                  0000fc18    000000c4                     : mac_data.obj (.text:macDataTxEnqueue)
                  0000fcdc    000000c0     rf_multiMode_cc13x0.aem3 : RFCC26XX_multiMode.oem3 (.text:abortCmd)
                  0000fd9c    000000c0     maclib_secure.a : mac_beacon_device.obj (.text:macBeaconSyncLoss)
                  0000fe5c    000000c0                     : mac.obj (.text:macSendFsCmd)
                  0000ff1c    000000c0                     : mac_tx.obj (.text:macTxFrameIsr)
                  0000ffdc    000000be     display.aem3 : DisplaySharp.oem3 (.text:DisplaySharp_vprintf)
                  0001009a    000000be     maclib_secure.a : fh_ie.obj (.text:FHIE_getLen)
                  00010158    000000bc     drivers_cc13x0.aem3 : GPTimerCC26XX.oem3 (.text:GPTimerCC26XX_open)
                  00010214    000000bc                         : PowerCC26XX.oem3 (.text:Power_releaseDependency)
                  000102d0    000000bc     maclib_secure.a : mac_tx.obj (.text:macTxChannelBusyCallback)
                  0001038c    000000ba                     : mac_scan.obj (.text:MAC_MlmeScanReq)
                  00010446    000000b8                     : fh_ie.obj (.text:FHIE_getPieContentLen$56)
                  000104fe    00000002     uart_printf.obj (.text:UartPrintf_putch)
                  00010500    000000b8     rf_multiMode_cc13x0.aem3 : RFCC26XX_multiMode.oem3 (.text:RF_dispatchNextCmd)
                  000105b8    000000b8     maclib_secure.a : mac_mgmt.obj (.text:macBuildBeaconNotifyInd)
                  00010670    000000b8                     : mac_coord.obj (.text:macStartSetParams)
                  00010728    000000b4     drivers_cc13x0.aem3 : PowerCC26XX.oem3 (.text:Power_setDependency)
                  000107dc    000000b4     board_led.obj (.text:board_led_blinkTimeoutCB$6)
                  00010890    000000b0     maclib_secure.a : fh_nt.obj (.text:FHNT_AddDeviceCB)
                  00010940    000000b0                     : mac_rx.obj (.text:rxPostRxUpdates$78)
                  000109f0    000000ac     lcd.aem3 : SharpGrLib.oem3 (.text:SharpGrLib_lineDrawH)
                  00010a9c    000000ac     maclib_secure.a : mac_coord.obj (.text:macCoordReset)
                  00010b48    000000ac     api_mac.obj (.text:processBeaconNotifyInd$31)
                  00010bf4    000000aa     maclib_secure.a : fh_ie.obj (.text:FHIE_genExcludedChannelRanges$56)
                  00010c9e    00000002     rf_multiMode_cc13x0.aem3 : RFCC26XX_multiMode.oem3 (.text:defaultCallback)
                  00010ca0    000000a8                              : RFCC26XX_multiMode.oem3 (.text:discardPendCmd)
                  00010d48    000000a6     drivers_cc13x0.aem3 : SPICC26XXDMA.oem3 (.text:SPICC26XXDMA_hwiFxn)
                  00010dee    00000002                         : PowerCC26XX.oem3 (.text:emptyClockFunc)
                  00010df0    000000a4     maclib_secure.a : fh_ie.obj (.text:FHIE_getChannelPlan$56)
                  00010e94    000000a4                     : fh_nt.obj (.text:FHNT_addTempEUI$58)
                  00010f38    000000a4     driverlib.lib : crypto.obj (.text:NOROM_CRYPTOAesEcb)
                  00010fdc    000000a4     osal.obj (.text:osal_set_event)
                  00011080    000000a4     drivers_cc13x0.aem3 : PowerCC26XX.oem3 (.text:switchXOSCHFclockFunc)
                  00011124    000000a0                         : GPTimerCC26XX.oem3 (.text:GPTimerCC26XX_close)
                  000111c4    000000a0     rf_multiMode_cc13x0.aem3 : RFCC26XX_multiMode.oem3 (.text:RF_schChkCmdInsert)
                  00011264    000000a0     cllc.obj (.text:assocIndCb$33)
                  00011304    000000a0     auto_init.aem3 : auto_init.oem3 (.text)
                  000113a4    000000a0     nvocop.obj (.text:writeItem$28)
                  00011444    0000009e     rom_sysbios.aem3 : rom_sysbios.obj (.text:xdc_runtime_Text_putSite__E)
                  000114e2    00000002     maclib_secure.a : mac_pwr.obj (.text:macApiPwrOnReq)
                  000114e4    0000009c     cllc.obj (.text:Cllc_init)
                  00011580    0000009c     csf.obj (.text:Csf_getDevice)
                  0001161c    0000009c     rf_multiMode_cc13x0.aem3 : RFCC26XX_multiMode.oem3 (.text:RF_issueRadioFreeCb)
                  000116b8    0000009c     csf.obj (.text:findBlackListIndex$35)
                  00011754    0000009c     maclib_secure.a : mac_coord.obj (.text:macBuildRealign)
                  000117f0    0000009c                     : mac.obj (.text:macRatCb_B)
                  0001188c    0000009c                     : mac_mgmt.obj (.text:macRxBeacon)
                  00011928    0000009c     rtsv7M3_T_le_eabi.lib : memcpy_t2.obj (.text)
                  000119c4    0000009c     rf_multiMode_cc13x0.aem3 : RFCC26XX_multiMode.oem3 (.text:swiFxnHw)
                  00011a60    00000098     maclib_secure.a : fh_api.obj (.text:FHAPI_reset)
                  00011af8    00000098                     : fh_data.obj (.text:FHDATA_getPktFromQueue)
                  00011b90    00000098                     : fh_mgr.obj (.text:FHMGR_updateRadioBCChannel)
                  00011c28    00000098     drivers_cc13x0.aem3 : PINCC26XX.oem3 (.text:PIN_open)
                  00011cc0    00000098     maclib_secure.a : mac_coord.obj (.text:macIndirectMark$63)
                  00011d58    00000098     rom_sysbios.aem3 : rom_sysbios.obj (.text:ti_sysbios_knl_Clock_workFuncDynamic__E)
                  00011df0    00000098                      : rom_sysbios.obj (.text:xdc_runtime_Text_putMod__E)
                  00011e88    00000094     csf.obj (.text:Csf_updateFrameCounter)
                  00011f1c    00000094     maclib_secure.a : mac_main.obj (.text:macCbackForEvent)
                  00011fb0    00000094     collector.obj (.text:sendMsg$34)
                  00012044    00000090     driverlib.lib : crypto.obj (.text:NOROM_CRYPTOAesLoadKey)
                  000120d4    00000090     drivers_cc13x0.aem3 : SPICC26XXDMA.oem3 (.text:SPICC26XXDMA_control)
                  00012164    00000090     cllc.obj (.text:disassocIndCb$33)
                  000121f4    0000008e     maclib_secure.a : fh_ie.obj (.text:FHIE_extractHie)
                  00012282    0000008c     api_mac.obj (.text:copyDataInd$31)
                  0001230e    00000002     maclib_secure.a : mac_mgmt.obj (.text:macNoAction)
                  00012310    0000008c                     : mac_radio_tx.obj (.text:macRadioTxPrepLbt)
                  0001239c    00000088     drivers_cc13x0.aem3 : CryptoCC26XX.oem3 (.text:CryptoCC26XX_allocateKey)
                  00012424    00000088     driverlib.lib : osc.obj (.text:NOROM_OSCHF_GetStartupTime)
                  000124ac    00000088     nvocop.obj (.text:findItem$28)
                  00012534    00000088     maclib_secure.a : mac_timer.obj (.text:macTimerUpdateSymbolTimer)
                  000125bc    00000088     osal.obj (.text:osal_msg_receive)
                  00012644    00000088     maclib_secure.a : mac_tx.obj (.text:txComplete)
                  000126cc    00000084     grlib.aem3 : rectangle.oem3 (.text:Graphics_fillRectangle)
                  00012750    00000084     rf_multiMode_cc13x0.aem3 : RFCC26XX_multiMode.oem3 (.text:RF_ratDisableChannel)
                  000127d4    00000084     maclib_secure.a : mac_coord.obj (.text:macApiPurgeReq)
                  00012858    00000084                     : mac_mcu.obj (.text:macMcuBitReverse)
                  000128dc    00000080     drivers_cc13x0.aem3 : PWMTimerCC26XX.oem3 (.text:PWMTimerCC26XX_setPeriod)
                  0001295c    00000080     rf_multiMode_cc13x0.aem3 : RFCC26XX_multiMode.oem3 (.text:RF_prepareRadio)
                  000129dc    00000080                              : RFCC26XX_multiMode.oem3 (.text:hwiFxnCpe0PowerFsm)
                  00012a5c    00000080     maclib_secure.a : mac_beacon_device.obj (.text:macTrackTimeoutCallback)
                  00012adc    00000080     mac_user_config.obj (.text:rf_patch_rfe_genfsk$36)
                  00012b5c    0000007c     cllc.obj (.text:Cllc_securityInit)
                  00012bd8    0000007c     csf.obj (.text:Csf_getDeviceItem)
                  00012c54    0000007c     driverlib.lib : crypto.obj (.text:NOROM_CRYPTOCcmInvAuthDecryptResultGet)
                  00012cd0    0000007c     lcd.aem3 : SharpGrLib.oem3 (.text:SharpGrLib_clearScreen)
                  00012d4c    0000007c     csf.obj (.text:findDeviceListIndex$35)
                  00012dc8    0000007c     maclib_secure.a : mac_coord.obj (.text:macApiStartReq)
                  00012e44    0000007c                     : mac_mcu.obj (.text:macMcuOverflowSetPeriod)
                  00012ec0    0000007c                     : mac_radio_tx.obj (.text:macRadioTxAckCb$77)
                  00012f3c    0000007c     main.obj (.text:main)
                  00012fb8    0000007a     rtsv7M3_T_le_eabi.lib : memset_t2.obj (.text)
                  00013032    00000002     maclib_secure.a : mac_symbol_timer.obj (.text:macSymbolTimerICallPwrNotify$81)
                  00013034    00000078                     : fh_util.obj (.text:FHUTIL_getCurBfio)
                  000130ac    00000078     rf_multiMode_cc13x0.aem3 : RFCC26XX_multiMode.oem3 (.text:RF_ratCompare)
                  00013124    00000078                              : RFCC26XX_multiMode.oem3 (.text:RF_yield)
                  0001319c    00000078     cllc.obj (.text:beaconNotifyIndCb$33)
                  00013214    00000078     maclib_secure.a : mac_beacon.obj (.text:macBeaconCheckTxTime)
                  0001328c    00000078                     : mac_data.obj (.text:macDataTxComplete)
                  00013304    00000078                     : mac_scan.obj (.text:macScanStartTimer)
                  0001337c    00000078     cllc.obj (.text:sendStartReq$33)
                  000133f4    00000076     maclib_secure.a : mac_security.obj (.text:macKeyDescriptorLookup)
                  0001346a    00000002     csf.obj (.text:processReloadTimeoutCallback$35)
                  0001346c    00000074     maclib_secure.a : fh_api.obj (.text:FHAPI_startBS)
                  000134e0    00000074                     : fh_nt.obj (.text:FHNT_getNTIndexFromTempIndex$58)
                  00013554    00000074     icall_cc2650.obj (.text:ICallPlatform_pwrUpdActivityCounter)
                  000135c8    00000074     rf_multiMode_cc13x0.aem3 : RFCC26XX_multiMode.oem3 (.text:hwiFxnHw)
                  0001363c    00000074     maclib_secure.a : mac_mcu.obj (.text:macMcuOverflowSetCompare)
                  000136b0    00000074                     : mac_radio.obj (.text:macRadioUpdateChannel)
                  00013724    00000074                     : mac_radio.obj (.text:macRadioUpdateTxPower)
                  00013798    00000074     osal_pwrmgr.obj (.text:osal_pwrmgr_task_state)
                  0001380c    00000074     cllc.obj (.text:scanCnfCb$33)
                  00013880    00000074     rom_sysbios.aem3 : rom_sysbios.obj (.text:ti_sysbios_family_arm_cc26xx_Timer_start__E)
                  000138f4    00000070     maclib_secure.a : fh_dh1cf.obj (.text:FHDH1CF_getBCChannelNum)
                  00013964    00000070                     : mac_coord.obj (.text:macIndirectTxFrame$63)
                  000139d4    00000070                     : mac_radio.obj (.text:macRadioUpdateChannelRx)
                  00013a44    00000070                     : mac_tx.obj (.text:macTxAckReceivedCallback)
                  00013ab4    00000070     cllc.obj (.text:orphanIndCb$33)
                  00013b24    00000070     nvocop.obj (.text:writeWord$28)
                  00013b94    0000006d     rom_sysbios.aem3 : rom_sysbios.obj (.text:xdc_runtime_System_formatNum__I)
                  00013c01    00000001     --HOLE-- [fill = 0]
                  00013c02    00000002     rtsv7M3_T_le_eabi.lib : i_div0.obj (.text)
                  00013c04    0000006c     maclib_secure.a : fh_data.obj (.text:FHDATA_purgePktFromQueue)
                  00013c70    0000006c     drivers_cc13x0.aem3 : PowerCC26XX_calibrateRCOSC.oem3 (.text:PowerCC26XX_initiateCalibration)
                  00013cdc    0000006c     collector.obj (.text:cllcStartedCB$34)
                  00013d48    0000006c     maclib_secure.a : mac_beacon.obj (.text:macBeaconSetupCap)
                  00013db4    0000006c                     : mac_tx.obj (.text:txGo$82)
                  00013e20    00000068     driverlib.lib : sys_ctrl.obj (.text:NOROM_SysCtrlAdjustRechargeAfterPowerDown)
                  00013e88    00000068                   : sys_ctrl.obj (.text:NOROM_SysCtrl_DCDC_VoltageConditionalControl)
                  00013ef0    00000068     rtsv7M3_T_le_eabi.lib : copy_decompress_lzss.obj (.text:decompress:lzss)
                  00013f58    00000068     rf_multiMode_cc13x0.aem3 : RFCC26XX_multiMode.oem3 (.text:fsmXOSCState)
                  00013fc0    00000068     drivers_cc13x0.aem3 : PowerCC26XX.oem3 (.text:lfClockReadyCallback)
                  00014028    00000068     maclib_secure.a : mac_main.obj (.text:macSendMsg)
                  00014090    00000068                     : mac_beacon_device.obj (.text:macSyncTimeoutCallback)
                  000140f8    00000068     cllc.obj (.text:maintainAssocTable$33)
                  00014160    00000068     cllc.obj (.text:sendScanReq$33)
                  000141c8    00000064     maclib_secure.a : fh_nt.obj (.text:FHNT_putEntry)
                  0001422c    00000064     driverlib.lib : osc.obj (.text:NOROM_OSCHF_AttemptToSwitchToXosc)
                  00014290    00000064     drivers_cc13x0.aem3 : PINCC26XX.oem3 (.text:PIN_add)
                  000142f4    00000064                         : PowerCC26XX.oem3 (.text:configureXOSCHF)
                  00014358    00000064     nvocop.obj (.text:findItemInCache$28)
                  000143bc    00000064     maclib_secure.a : mac_coord.obj (.text:macApiOrphanRsp)
                  00014420    00000064                     : mac_beacon_coord.obj (.text:macBeaconPeriodCallback$61)
                  00014484    00000064                     : mac_mgmt.obj (.text:macRxDisassoc)
                  000144e8    00000064                     : mac_rx.obj (.text:macRxHaltCleanup)
                  0001454c    00000064                     : mac_symbol_timer.obj (.text:macSymbolTimerInit)
                  000145b0    00000064                     : mac_beacon_device.obj (.text:macTrackPeriodCallback)
                  00014614    00000064     osal.obj (.text:osal_msg_enqueue_push$18)
                  00014678    00000062     maclib_secure.a : mac_mgmt.obj (.text:macBuildWSAsyncMsg$68)
                  000146da    00000002     rtsv7M3_T_le_eabi.lib : l_div0.obj (.text)
                  000146dc    00000060     board_lcd.obj (.text:Board_Lcd_writeStringValue)
                  0001473c    00000060     driverlib.lib : osc.obj (.text:NOROM_OSCClockSourceSet)
                  0001479c    00000060     csf.obj (.text:findUnusedDeviceListIndex$35)
                  000147fc    00000060     maclib_secure.a : mac_data.obj (.text:macFrameDuration)
                  0001485c    00000060                     : mac_radio.obj (.text:macGetRadioTxPowerReg)
                  000148bc    00000060                     : mac_scan.obj (.text:macScanComplete)
                  0001491c    00000060                     : mac_beacon_device.obj (.text:macTrackStartCallback)
                  0001497c    00000060     osal.obj (.text:osal_msg_send)
                  000149dc    00000060     collector.obj (.text:processDataRetry$34)
                  00014a3c    0000005e     maclib_secure.a : fh_mgr.obj (.text:FHMGR_updateRadioUCChannel)
                  00014a9a    00000002     rom_sysbios.aem3 : rom_sysbios.obj (.text:ti_sysbios_BIOS_linkedWithIncorrectBootLibrary__E)
                  00014a9c    0000005c     cllc.obj (.text:Cllc_addSecDevice)
                  00014af8    0000005c     display.aem3 : Display.oem3 (.text:Display_doOpen)
                  00014b54    0000005c     maclib_secure.a : mac_mgmt.obj (.text:MAC_ResumeReq)
                  00014bb0    0000005c     drivers_cc13x0.aem3 : PowerCC26XX_calibrateRCOSC.oem3 (.text:PowerCC26XX_RCOSC_clockFunc)
                  00014c0c    0000005c                         : PowerCC26XX.oem3 (.text:PowerCC26XX_calibrate)
                  00014c68    0000005c                         : UDMACC26XX.oem3 (.text:UDMACC26XX_open)
                  00014cc4    0000005c     maclib_secure.a : mac_beacon_coord.obj (.text:macBeaconTxCallback$61)
                  00014d20    0000005c                     : mac_symbol_timer.obj (.text:macSymbolTimerEventHandler$81)
                  00014d7c    0000005c     collector.obj (.text:sendBroadcastMsg$34)
                  00014dd8    0000005c     rf_multiMode_cc13x0.aem3 : RFCC26XX_multiMode.oem3 (.text:syncCb)
                  00014e34    0000005c     app_pem3.oem3 (.text:xdc_runtime_Startup_getState__I)
                  00014e90    0000005b     rom_sysbios.aem3 : rom_sysbios.obj (.text:xdc_runtime_Text_putLab__E)
                  00014eeb    00000001     --HOLE-- [fill = 0]
                  00014eec    0000005a     drivers_cc13x0.aem3 : SPICC26XXDMA.oem3 (.text:SPICC26XXDMA_close)
                  00014f46    00000058     maclib_secure.a : fh_util.obj (.text:FHUTIL_getBitCounts)
                  00014f9e    00000002     app_pem3.oem3 (.text:ti_sysbios_BIOS_nullFunc__I)
                  00014fa0    00000058     drivers_cc13x0.aem3 : GPTimerCC26XX.oem3 (.text:GPTimerCC26XX_stop)
                  00014ff8    00000058                         : PINCC26XX.oem3 (.text:PIN_remove)
                  00015050    00000058                         : SPICC26XXDMA.oem3 (.text:SPICC26XXDMA_initHw)
                  000150a8    00000058     mac_user_config.obj (.text:applyGenfskPatch$36)
                  00015100    00000058     rf_multiMode_cc13x0.aem3 : RFCC26XX_multiMode.oem3 (.text:applyRfCorePatch)
                  00015158    00000058                              : RFCC26XX_multiMode.oem3 (.text:calculateDispatchTime)
                  000151b0    00000058     maclib_secure.a : mac_main.obj (.text:macExecute)
                  00015208    00000058                     : mac_timer.obj (.text:macTimerAddTimer)
                  00015260    00000058     rf_multiMode_cc13x0.aem3 : RFCC26XX_multiMode.oem3 (.text:ratChanAlloc)
                  000152b8    00000058                              : RFCC26XX_multiMode.oem3 (.text:ratChanFree)
                  00015310    00000056     drivers_cc13x0.aem3 : SPICC26XXDMA.oem3 (.text:SPICC26XXDMA_swiFxn)
                  00015366    00000054                         : CryptoCC26XX.oem3 (.text:CryptoCC26XX_close)
                  000153ba    00000002     rom_sysbios.aem3 : rom_sysbios.obj (.text:ti_sysbios_knl_Clock_triggerFunc__I)
                  000153bc    00000054     maclib_secure.a : fh_mgr.obj (.text:FHMGR_macStartFHTimer)
                  00015410    00000054     lcd.aem3 : SharpGrLib.oem3 (.text:SharpGrLib_lineDrawV)
                  00015464    00000054     board_led.obj (.text:board_led_ToneStart$6)
                  000154b8    00000054     maclib_secure.a : mac_beacon_coord.obj (.text:macBeaconPrepareCallback)
                  0001550c    00000054                     : mac_mgmt.obj (.text:macDisassocComplete)
                  00015560    00000054                     : mac_radio.obj (.text:macRadioWakeupCb)
                  000155b4    00000054                     : mac_symbol_timer.obj (.text:macSymbolTimerSetRollover)
                  00015608    00000054                     : mac_ie_parse.obj (.text:macUpdatePayloadIEPtr)
                  0001565c    00000054     api_mac.obj (.text:processScanCnf$31)
                  000156b0    00000054     collector.obj (.text:sendTrackingRequest$34)
                  00015704    00000052     maclib_secure.a : fh_ie.obj (.text:FHIE_genExcludedChannelMask$56)
                  00015756    00000052                     : fh_ie.obj (.text:FHIE_getSubPie$56)
                  000157a8    00000050                     : fh_data.obj (.text:FHDATA_requeuePkt)
                  000157f8    00000050                     : fh_nt.obj (.text:FHNT_DelDeviceCB)
                  00015848    00000050     driverlib.lib : crypto.obj (.text:NOROM_CRYPTOCcmAuthEncryptResultGet)
                  00015898    00000050     rf_multiMode_cc13x0.aem3 : RFCC26XX_multiMode.oem3 (.text:RF_getCurrentTime)
                  000158e8    00000050                              : RFCC26XX_multiMode.oem3 (.text:RF_ieeeExpansion)
                  00015938    00000050     maclib_secure.a : mac_beacon_device.obj (.text:macBeaconStartFrameResponseTimer)
                  00015988    00000050                     : mac.obj (.text:macFsCb$73)
                  000159d8    00000050                     : mac_coord.obj (.text:macIndirectRequeueFrame$63)
                  00015a28    00000050                     : mac_radio.obj (.text:macRadioSetChannel)
                  00015a78    00000050                     : mac_timer.obj (.text:macTimerCancel)
                  00015ac8    0000004c     display.aem3 : DisplaySharp.oem3 (.text:DisplaySharp_clearLines)
                  00015b14    0000004c     maclib_secure.a : fh_ie.obj (.text:FHIE_getCcaSfdTime$56)
                  00015b60    0000004c                     : fh_mgr.obj (.text:FHMGR_ucTimerIsrCb)
                  00015bac    0000004c     fh_pib.obj (.text:FHPIB_get)
                  00015bf8    0000004c     drivers_cc13x0.aem3 : GPTimerCC26XX.oem3 (.text:GPTimerCC26XX_start)
                  00015c44    0000004c                         : PWMTimerCC26XX.oem3 (.text:PWMTimerCC26XX_getdutyCounts)
                  00015c90    0000004c     rf_multiMode_cc13x0.aem3 : RFCC26XX_multiMode.oem3 (.text:RF_wakeupNotifyFxn)
                  00015cdc    0000004c     maclib_secure.a : mac_coord.obj (.text:macRxAssociateReq)
                  00015d28    0000004c                     : mac_rx.obj (.text:macRxNokIsr)
                  00015d74    0000004c                     : mac_rx_onoff.obj (.text:macRxOffRequest)
                  00015dc0    0000004c                     : mac_tx.obj (.text:macTxAckNotReceivedCallback)
                  00015e0c    0000004c     rtsv7M3_T_le_eabi.lib : cpy_tbl.obj (.text)
                  00015e58    0000004a     display.aem3 : DisplaySharp.oem3 (.text:DisplaySharp_close)
                  00015ea2    0000004a     maclib_secure.a : fh_dh1cf.obj (.text:FHDH1CF_mapChIdxChannel)
                  00015eec    0000004a     grlib.aem3 : line.oem3 (.text:Graphics_drawLineH)
                  00015f36    0000004a     macstack.obj (.text:icall_slimMsgParser)
                  00015f80    00000048     dpl_cc13x0.aem3 : ClockP_tirtos.oem3 (.text:ClockP_construct)
                  00015fc8    00000048     csf.obj (.text:Csf_getNumDeviceListEntries)
                  00016010    00000048     maclib_secure.a : fh_sm.obj (.text:FHSM_event)
                  00016058    00000048     rf_multiMode_cc13x0.aem3 : RFCC26XX_multiMode.oem3 (.text:Q_push)
                  000160a0    00000048     lcd.aem3 : SharpGrLib.oem3 (.text:SharpGrLib_drawMultiple)
                  000160e8    00000048     timer.obj (.text:Timer_construct)
                  00016130    00000048     util.obj (.text:Util_itoa)
                  00016178    00000048     csf.obj (.text:getNumBlackListEntries$35)
                  000161c0    00000048     maclib_secure.a : mac_beacon.obj (.text:macBeaconInit)
                  00016208    00000048                     : mac_beacon_coord.obj (.text:macStartBeaconPrepareCallback$61)
                  00016250    00000048                     : mac.obj (.text:macStopCmd)
                  00016298    00000048     rf_multiMode_cc13x0.aem3 : RFCC26XX_multiMode.oem3 (.text:postDirImmCmd)
                  000162e0    00000046     maclib_secure.a : fh_dh1cf.obj (.text:FHDH1CF_getCh)
                  00016326    00000046                     : fh_ie.obj (.text:FHIE_getCommonInformationLen$56)
                  0001636c    00000044                     : fh_api.obj (.text:FHAPI_getRemDT)
                  000163b0    00000044                     : fh_nt.obj (.text:FHNT_getEUI)
                  000163f4    00000044     mac_pib.obj (.text:MAC_MlmeGetReq)
                  00016438    00000044     rf_multiMode_cc13x0.aem3 : RFCC26XX_multiMode.oem3 (.text:RF_releasePowerConstraint)
                  0001647c    00000044     drivers_cc13x0.aem3 : SPICC26XXDMA.oem3 (.text:SPICC26XXDMA_csnCallback)
                  000164c0    00000044     boot.aem3 : boot.oem3 (.text)
                  00016504    00000044     nvocop.obj (.text:erasePage$28)
                  00016548    00000044     maclib_secure.a : mac.obj (.text:macSetupReceiveCmd)
                  0001658c    00000044     drivers_cc13x0.aem3 : PowerCC26XX.oem3 (.text:notify)
                  000165d0    00000044     rom_sysbios.aem3 : rom_sysbios.obj (.text:xdc_runtime_Text_xprintf__I)
                  00016614    00000042     api_mac.obj (.text:copyMacPanDescToApiMacPanDesc$31)
                  00016656    00000002     app_pem3.oem3 (.text:ti_sysbios_rom_cortexm_cc13xx_CC13xx_badRomRevision__E)
                  00016658    00000040     maclib_secure.a : fh_dh1cf.obj (.text:FHDH1CF_hashword)
                  00016698    00000040     hal_trng_wrapper.obj (.text:HalTRNG_GetTRNG)
                  000166d8    00000040     osal.obj (.text:ICall_setTimer$18)
                  00016718    00000040     maclib_secure.a : mac_symbol_timer.obj (.text:ICall_setTimer$81)
                  00016758    00000040                     : mac_tx.obj (.text:ICall_setTimer$82)
                  00016798    00000040     driverlib.lib : chipinfo.obj (.text:NOROM_ChipInfo_GetHwRevision)
                  000167d8    00000040     nvocop.obj (.text:NVOCOP_initNV)
                  00016818    00000040     drivers_cc13x0.aem3 : PINCC26XX.oem3 (.text:PINCC26XX_getConfig)
                  00016858    00000040                         : PINCC26XX.oem3 (.text:PIN_swi)
                  00016898    00000040                         : PWMTimerCC26XX.oem3 (.text:PWMTimerCC26XX_setDuty)
                  000168d8    00000040                         : PWM.oem3 (.text:PWM_init)
                  00016918    00000040                         : PWM.oem3 (.text:PWM_open)
                  00016958    00000040     rf_multiMode_cc13x0.aem3 : RFCC26XX_multiMode.oem3 (.text:RF_getRssi)
                  00016998    00000040     drivers_cc13x0.aem3 : SPI.oem3 (.text:SPI_init)
                  000169d8    00000040                         : SPI.oem3 (.text:SPI_open)
                  00016a18    00000040     lcd.aem3 : SharpGrLib.oem3 (.text:SharpGrLib_pixelDraw)
                  00016a58    00000040     maclib_secure.a : mac_mcu.obj (.text:macMcuInit)
                  00016a98    00000040                     : mac_main.obj (.text:mac_msg_deallocate)
                  00016ad8    00000040     rtsv7M3_T_le_eabi.lib : u_divt2.obj (.text)
                  00016b18    00000040     rom_sysbios.aem3 : rom_sysbios.obj (.text:ti_sysbios_family_arm_cc26xx_Timer_setThreshold__I)
                  00016b58    0000003e     dpl_cc13x0.aem3 : HwiP_tirtos.oem3 (.text:HwiP_construct)
                  00016b96    00000002     rom_sysbios.aem3 : rom_sysbios.obj (.text:xdc_runtime_SysCallback_defaultAbort)
                  00016b98    0000003c     maclib_secure.a : fh_mgr.obj (.text:FHMGR_updateHopping)
                  00016bd4    0000003c                     : fh_util.obj (.text:FHUTIL_getCurUfsi)
                  00016c10    0000003c     icall_cc2650.obj (.text:ICallPlatform_pwrConfigACAction)
                  00016c4c    0000003c     api_mac.obj (.text:ICall_sendServiceMsg$31)
                  00016c88    0000003c     osal.obj (.text:ICall_setTimerMSecs$18)
                  00016cc4    0000003c     driverlib.lib : osc.obj (.text:NOROM_OSC_HPOSCRelativeFrequencyOffsetGet)
                  00016d00    0000003c                   : rfc.obj (.text:NOROM_RFCSynthPowerDown)
                  00016d3c    0000003c     nvocop.obj (.text:NVOCOP_compactNV)
                  00016d78    0000003c     nvocop.obj (.text:NVOCOP_deleteItem)
                  00016db4    0000003c     drivers_cc13x0.aem3 : PowerCC26XX.oem3 (.text:PowerCC26XX_isStableXOSC_HF)
                  00016df0    0000003c     dpl_cc13x0.aem3 : SwiP_tirtos.oem3 (.text:SwiP_construct)
                  00016e2c    0000003c     board_key.obj (.text:board_key_keyFxn$4)
                  00016e68    0000003c     collector.obj (.text:cllcDeviceJoiningCB$34)
                  00016ea4    0000003c     drivers_cc13x0.aem3 : PowerCC26XX.oem3 (.text:disableLfClkQualifiersEnableClkLoss)
                  00016ee0    0000003c     rf_multiMode_cc13x0.aem3 : RFCC26XX_multiMode.oem3 (.text:getCmd)
                  00016f1c    0000003c     maclib_secure.a : mac_mgmt.obj (.text:macBcTimerHandler)
                  00016f58    0000003c                     : mac_beacon.obj (.text:macBeaconRequeue)
                  00016f94    0000003c                     : mac_rx_onoff.obj (.text:macRxDisable)
                  00016fd0    0000003c                     : mac.obj (.text:macSetupFsCmd)
                  0001700c    0000003c                     : mac_coord.obj (.text:macStartContinue)
                  00017048    0000003c                     : mac_tx.obj (.text:macTxDecrypt)
                  00017084    0000003c     osal.obj (.text:osal_msg_extract)
                  000170c0    0000003c     rom_sysbios.aem3 : rom_sysbios.obj (.text:ti_sysbios_family_arm_m3_Hwi_construct2__E)
                  000170fc    0000003a     maclib_secure.a : fh_dh1cf.obj (.text:FHDH1CF_getChannelNum)
                  00017136    0000003a     dpl_cc13x0.aem3 : SemaphoreP_tirtos.oem3 (.text:SemaphoreP_construct)
                  00017170    00000038     maclib_secure.a : fh_api.obj (.text:FHAPI_stopAsync)
                  000171a8    00000038     hal_trng_wrapper.obj (.text:HalTRNG_InitTRNG)
                  000171e0    00000038     macstack.obj (.text:ICall_enrollService$25)
                  00017218    00000038     maclib_secure.a : fh_mgr.obj (.text:ICall_setTimer$57)
                  00017250    00000038     nvocop.obj (.text:NVOCOP_readItem)
                  00017288    00000038     drivers_cc13x0.aem3 : PINCC26XX.oem3 (.text:PIN_setOutputValue)
                  000172c0    00000038     collector.obj (.text:findDevice$34)
                  000172f8    00000038     mac_pib.obj (.text:macMRFSKGetPhyDesc)
                  00017330    00000038     maclib_secure.a : mac.obj (.text:macSetUserConfig)
                  00017368    00000038                     : mac_beacon_device.obj (.text:macStartBroadcastPendTimer)
                  000173a0    00000038                     : mac_symbol_timer.obj (.text:macSymbolTimerCount)
                  000173d8    00000038     osal.obj (.text:osal_msg_dequeue)
                  00017410    00000038     rom_sysbios.aem3 : rom_sysbios.obj (.text:ti_sysbios_family_arm_cc26xx_Timer_getCurrentTick__E)
                  00017448    00000036     maclib_secure.a : fh_ie.obj (.text:FHIE_getPie$56)
                  0001747e    00000036     drivers_cc13x0.aem3 : UDMACC26XX.oem3 (.text:UDMACC26XX_close)
                  000174b4    00000034     maclib_secure.a : fh_api.obj (.text:FHAPI_SFDRxCb)
                  000174e8    00000034     drivers_cc13x0.aem3 : GPTimerCC26XX.oem3 (.text:GPTimerCC26XXSetLoadMatch)
                  0001751c    00000034     osal.obj (.text:ICall_send$18)
                  00017550    00000034     driverlib.lib : ddi.obj (.text:NOROM_DDI32RegWrite)
                  00017584    00000034                   : osc.obj (.text:NOROM_OSCHF_SwitchToRcOscTurnOffXosc)
                  000175b8    00000034     drivers_cc13x0.aem3 : PINCC26XX.oem3 (.text:PIN_setConfig)
                  000175ec    00000034                         : PINCC26XX.oem3 (.text:PIN_setInterrupt)
                  00017620    00000034                         : PowerCC26XX.oem3 (.text:Power_releaseConstraint)
                  00017654    00000034     rf_multiMode_cc13x0.aem3 : RFCC26XX_multiMode.oem3 (.text:Q_end)
                  00017688    00000034                              : RFCC26XX_multiMode.oem3 (.text:RF_checkCmdFsError)
                  000176bc    00000034     nvocop.obj (.text:disableCache$28)
                  000176f0    00000034     maclib_secure.a : mac_beacon_device.obj (.text:macBeaconStopTrack)
                  00017724    00000034                     : mac_timer.obj (.text:macTimerRecalcUnaligned)
                  00017758    00000034                     : mac_tx.obj (.text:macTxUpdateIE)
                  0001778c    00000034     osal.obj (.text:osal_msg_enqueue)
                  000177c0    00000034     csf.obj (.text:saveNumDeviceListEntries$35)
                  000177f4    00000034     rom_sysbios.aem3 : rom_sysbios.obj (.text:ti_sysbios_family_arm_cc26xx_Timer_initDevice__I)
                  00017828    00000034                      : rom_sysbios.obj (.text:ti_sysbios_knl_Swi_setPri__E)
                  0001785c    00000032     maclib_secure.a : fh_ie.obj (.text:FHIE_getHie$56)
                  0001788e    00000032     icall_cc2650.obj (.text:ICallPlatform_pwrNotify$1)
                  000178c0    00000032     maclib_secure.a : mac_scan.obj (.text:macScanCnfInit)
                  000178f2    00000032     rom_sysbios.aem3 : rom_sysbios.obj (.text:ti_sysbios_family_arm_cc26xx_Timer_setNextTick__E)
                  00017924    00000030     board_lcd.obj (.text:Board_Lcd_writeString)
                  00017954    00000030     csf.obj (.text:Csf_setConfigClock)
                  00017984    00000030     csf.obj (.text:Csf_setTrackingClock)
                  000179b4    00000030     maclib_secure.a : fh_nt.obj (.text:FHNT_delTempIndex$58)
                  000179e4    00000030     drivers_cc13x0.aem3 : GPTimerCC26XX.oem3 (.text:GPTimerCC26XX_configureDebugStall)
                  00017a14    00000030     hal_flash_wrapper.obj (.text:HalFlashRead)
                  00017a44    00000030     icall_cc2650.obj (.text:ICallPlatform_pwrRegisterNotify)
                  00017a74    00000030     driverlib.lib : crypto.obj (.text:NOROM_CRYPTOAesEcbStatus)
                  00017aa4    00000030                   : crypto.obj (.text:NOROM_CRYPTOCcmAuthEncryptStatus)
                  00017ad4    00000030                   : crypto.obj (.text:NOROM_CRYPTOCcmInvAuthDecryptStatus)
                  00017b04    00000030                   : chipinfo.obj (.text:NOROM_ChipInfo_GetChipType)
                  00017b34    00000030                   : setup_rom.obj (.text:NOROM_SetupSetAonRtcSubSecInc)
                  00017b64    00000030     drivers_cc13x0.aem3 : PowerCC26XX.oem3 (.text:Power_setConstraint)
                  00017b94    00000030     collector.obj (.text:cllcStateChangedCB$34)
                  00017bc4    00000030     maclib_secure.a : mac_coord.obj (.text:macRxOrphan)
                  00017bf4    00000030                     : mac_timer.obj (.text:macTimerSetRollover)
                  00017c24    00000030     osal.obj (.text:osal_alien2proxy)
                  00017c54    00000030     app_pem3.oem3 (.text:ti_sysbios_BIOS_atExitFunc__I)
                  00017c84    00000030     app_pem3.oem3 (.text:ti_sysbios_BIOS_startFunc__I)
                  00017cb4    0000002f     rom_sysbios.aem3 : rom_sysbios.obj (.text:xdc_runtime_Text_printVisFxn__I)
                  00017ce3    00000001     --HOLE-- [fill = 0]
                  00017ce4    0000002e     csf.obj (.text:Csf_getDeviceShort)
                  00017d12    0000002e     icall_cc2650.obj (.text:ICallPlatform_pwrDispenseImpl$1)
                  00017d40    0000002e     icall_cc2650.obj (.text:ICallPlatform_pwrRequireImpl$1)
                  00017d6e    0000002e     lcd.aem3 : SharpGrLib.oem3 (.text:SharpGrLib_initializeDisplayBuffer)
                  00017d9c    0000002e     drivers_cc13x0.aem3 : CryptoCC26XX.oem3 (.text:cryptoTransactionPend)
                  00017dca    0000002c     display.aem3 : DisplaySharp.oem3 (.text:DisplaySharp_clear)
                  00017df6    0000002c     maclib_secure.a : fh_ie.obj (.text:FHIE_getExcludedChannelControl$56)
                  00017e22    00000002     rom_sysbios.aem3 : rom_sysbios.obj (.text:xdc_runtime_SysCallback_defaultExit)
                  00017e24    0000002c     maclib_secure.a : fh_sm.obj (.text:FSM_transaction_debug)
                  00017e50    0000002c     driverlib.lib : osc.obj (.text:NOROM_OSCClockSourceGet)
                  00017e7c    0000002c                   : rfc.obj (.text:NOROM_RFCCPEPatchReset)
                  00017ea8    0000002c     drivers_cc13x0.aem3 : PINCC26XX.oem3 (.text:PINCC26XX_setMux)
                  00017ed4    0000002c                         : PWMTimerCC26XX.oem3 (.text:PWMTimerCC26XX_close)
                  00017f00    0000002c     dpl_cc13x0.aem3 : SemaphoreP_tirtos.oem3 (.text:SemaphoreP_constructBinary)
                  00017f2c    0000002c     board_led.obj (.text:board_led_LaserTimeoutCallback$6)
                  00017f58    0000002c     rf_multiMode_cc13x0.aem3 : RFCC26XX_multiMode.oem3 (.text:clkPowerUpFxn)
                  00017f84    0000002c     collector.obj (.text:findDeviceStatusBit$34)
                  00017fb0    0000002c     nvocop.obj (.text:findOffset$28)
                  00017fdc    0000002c     collector.obj (.text:getMsduHandle$34)
                  00018008    0000002c     maclib_secure.a : mac_beacon_coord.obj (.text:macBeaconSetPrepareTime$61)
                  00018034    0000002c     mac_pib.obj (.text:macPibReset)
                  00018060    0000002c     maclib_secure.a : mac_radio.obj (.text:macRadioSetPanCoordinator)
                  0001808c    0000002c                     : mac_rx_onoff.obj (.text:macRxHardDisable)
                  000180b8    0000002c                     : mac_symbol_timer.obj (.text:macSymbolTimerICallTimerCback$81)
                  000180e4    0000002c     osal.obj (.text:osal_msec_timer_cback$18)
                  00018110    0000002c     saddr.obj (.text:sAddrCmp)
                  0001813c    0000002c     rom_sysbios.aem3 : rom_sysbios.obj (.text:ti_sysbios_knl_Clock_getTicksUntilInterrupt__E)
                  00018168    0000002a     display.aem3 : Display.oem3 (.text:Display_doPrintf)
                  00018192    0000002a     rom_sysbios.aem3 : rom_sysbios.obj (.text:ti_sysbios_knl_Clock_getTimeout__E)
                  000181bc    0000002a                      : rom_sysbios.obj (.text:xdc_runtime_System_putchar__I)
                  000181e6    00000028     drivers_cc13x0.aem3 : CryptoCC26XX.oem3 (.text:CryptoCC26XX_releaseKey)
                  0001820e    00000002     --HOLE-- [fill = 0]
                  00018210    00000028     maclib_secure.a : fh_mgr.obj (.text:FHMGR_macCancelFHTimer)
                  00018238    00000028     csf.obj (.text:ICall_malloc$35)
                  00018260    00000028     osal_pwrmgr.obj (.text:ICall_pwrUpdActivityCounter$22)
                  00018288    00000028     mac_security_pib.obj (.text:MAC_MlmeGetPointerSecurityReq)
                  000182b0    00000028     driverlib.lib : aon_batmon.obj (.text:NOROM_AONBatMonTemperatureGetDegC)
                  000182d8    00000028                   : rfc.obj (.text:NOROM_RFCDoorbellSendTo)
                  00018300    00000028     drivers_cc13x0.aem3 : PowerCC26XX.oem3 (.text:Power_registerNotify)
                  00018328    00000028                         : SPICC26XXDMA.oem3 (.text:SPICC26XXDMA_flushFifos)
                  00018350    00000028     driverlib.lib : adi.obj (.text:SafeHapiVoid)
                  00018378    00000028     board_led.obj (.text:board_led_anyBlinking$6)
                  000183a0    00000028     board_led.obj (.text:board_led_convertLedType$6)
                  000183c8    00000028     maclib_secure.a : mac_beacon.obj (.text:macBeaconCheckSched)
                  000183f0    00000028                     : mac_mgmt.obj (.text:macCoordAddrCmp)
                  00018418    00000028                     : mac_mgmt.obj (.text:macGetCoordAddress)
                  00018440    00000028                     : mac_symbol_timer.obj (.text:macSymbolTimerSetTriggerRollover)
                  00018468    00000028                     : mac_timer.obj (.text:macTimerAligned)
                  00018490    00000028                     : mac_tx.obj (.text:macTxRequestCsmaRtcDelay)
                  000184b8    00000028     osal_memory_icall.obj (.text:osal_mem_alloc)
                  000184e0    00000028     osal_timers.obj (.text:osal_next_timeout)
                  00018508    00000026     maclib_secure.a : fh_util.obj (.text:FHUTIL_getMaxChannels)
                  0001852e    00000026                     : fh_util.obj (.text:FHUTIL_getTxUfsi)
                  00018554    00000026                     : mac_radio.obj (.text:radioComputeED$76)
                  0001857a    00000002     --HOLE-- [fill = 0]
                  0001857c    00000024     drivers_cc13x0.aem3 : CryptoCC26XX.oem3 (.text:CryptoCC26XX_hwiIntFxn)
                  000185a0    00000024     maclib_secure.a : fh_api.obj (.text:FHAPI_getTxChHoppingFunc)
                  000185c4    00000024     fh_pib.obj (.text:FHPIB_getLen)
                  000185e8    00000024     drivers_cc13x0.aem3 : PWMTimerCC26XX.oem3 (.text:PWMTimerCC26XX_start)
                  0001860c    00000024     rf_multiMode_cc13x0.aem3 : RFCC26XX_multiMode.oem3 (.text:allocCmd)
                  00018630    00000024     board_led.obj (.text:board_led_ToneTimeoutCallback$6)
                  00018654    00000024     maclib_secure.a : mac_mgmt.obj (.text:macApiPending)
                  00018678    00000024                     : mac.obj (.text:macClientSwitchCb)
                  0001869c    00000024                     : mac_radio.obj (.text:macRadioStopScan)
                  000186c0    00000024                     : mac_radio_tx.obj (.text:macRadioTxRequestTxAck)
                  000186e4    00000024                     : mac_coord.obj (.text:macRxBeaconReq)
                  00018708    00000024                     : mac_rx_onoff.obj (.text:macRxSoftDisable)
                  0001872c    00000024                     : mac_coord.obj (.text:macStartComplete)
                  00018750    00000024     osal.obj (.text:osal_msg_allocate)
                  00018774    00000024     collector.obj (.text:processConfigRetry$34)
                  00018798    00000024     rtsv7M3_T_le_eabi.lib : memcmp.obj (.text)
                  000187bc    00000024     cllc.obj (.text:startCnfCb$33)
                  000187e0    00000024     app_pem3.oem3 (.text:ti_sysbios_BIOS_registerRTSLock__I)
                  00018804    00000024     app_pem3.oem3 (.text:ti_sysbios_BIOS_removeRTSLock__I)
                  00018828    00000024     rom_sysbios.aem3 : rom_sysbios.obj (.text:ti_sysbios_family_arm_cc26xx_Timer_getMaxTicks__E)
                  0001884c    00000022     grlib.aem3 : context.oem3 (.text:Graphics_initContext)
                  0001886e    00000022     drivers_cc13x0.aem3 : List.oem3 (.text:List_put)
                  00018890    00000022     collector.obj (.text:pollIndCB$34)
                  000188b2    00000002     --HOLE-- [fill = 0]
                  000188b4    00000020     csf.obj (.text:Csf_free)
                  000188d4    00000020     maclib_secure.a : fh_data.obj (.text:FHDATA_updateCCA)
                  000188f4    00000020                     : fh_util.obj (.text:FHUTIL_updateUcNumChannels)
                  00018914    00000020     hal_flash_wrapper.obj (.text:HalFlashGetAddress)
                  00018934    00000020     osal_memory_icall.obj (.text:ICall_free$21)
                  00018954    00000020     api_mac.obj (.text:ICall_free$31)
                  00018974    00000020     osal.obj (.text:ICall_getTicks$18)
                  00018994    00000020     maclib_secure.a : fh_api.obj (.text:ICall_getTicks$54)
                  000189b4    00000020                     : fh_data.obj (.text:ICall_getTicks$55)
                  000189d4    00000020                     : fh_mgr.obj (.text:ICall_getTicks$57)
                  000189f4    00000020                     : fh_nt.obj (.text:ICall_getTicks$58)
                  00018a14    00000020                     : fh_util.obj (.text:ICall_getTicks$60)
                  00018a34    00000020     osal.obj (.text:ICall_signal$18)
                  00018a54    00000020     maclib_secure.a : mac_symbol_timer.obj (.text:ICall_signal$81)
                  00018a74    00000020     driverlib.lib : rfc.obj (.text:NOROM_RFCAdi3VcoLdoVoltageMode)
                  00018a94    00000020     drivers_cc13x0.aem3 : PWMTimerCC26XX.oem3 (.text:PWMTimerCC26XX_stop)
                  00018ab4    00000020     dpl_cc13x0.aem3 : PowerCC26XX_tirtos.oem3 (.text:PowerCC26XX_schedulerDisable)
                  00018ad4    00000020                     : PowerCC26XX_tirtos.oem3 (.text:PowerCC26XX_schedulerRestore)
                  00018af4    00000020     drivers_cc13x0.aem3 : PowerCC26XX.oem3 (.text:Power_unregisterNotify)
                  00018b14    00000020     util.obj (.text:Util_clearEvent)
                  00018b34    00000020     maclib_secure.a : mac_beacon_coord.obj (.text:macBeaconCoordReset$61)
                  00018b54    00000020                     : mac_data.obj (.text:macDataSend)
                  00018b74    00000020                     : mac_rx_onoff.obj (.text:macRxOff)
                  00018b94    00000020                     : mac_rx_onoff.obj (.text:macRxSoftEnable)
                  00018bb4    00000020                     : mac.obj (.text:macSetCurrChan$73)
                  00018bd4    00000020     osal.obj (.text:osal_memcmp)
                  00018bf4    00000020     osal.obj (.text:osal_msg_push)
                  00018c14    00000020     app_pem3.oem3 (.text:ti_sysbios_BIOS_rtsLock__I)
[...]
20000f50  macDataCheckSched                                                         
20000f54  macDataCheckTxTime                                                        
20000f58  macDataBeaconRequeue                                                      
20000f5c  macData                                                                   
20000f6c  enhancedAckBuf                                                            
20001068  pinUpperBound                                                             
2000106c  pinLowerBound                                                             
20001100  pinHandleTable                                                            
2000117c  PowerCC26XX_module                                                        
20001290  macAddrSize                                                               
20001294  FHNT_Dbg                                                                  
2000129c  FHNT_hnd                                                                  
200012cc  FHNT_tempTable                                                            
2000131e  FHNT_tableOpt                                                             
20001398  RF_cmdRat                                                                 
200013a0  RF_cmdNop                                                                 
200013b0  RF_cmdFs                                                                  
200013c8  RF_cmdPropCs                                                              
200013e4  RF_cmdPropCsSlotted                                                       
20001400  RF_cmdPropTxAdv                                                           
20001420  RF_cmdPropRadioDivSetup                                                   
20001448  RF_cmdPropRxAdv                                                           
20001554  macPanCoordinator                                                         
20001555  macMgmt                                                                   
20001558  macMgmtAction2                                                            
2000156c  macMgmtAction1                                                            
20001594  fhObject                                                                  
200015fc  Collector_events                                                          
20001610  Collector_statistics                                                      
2000164c  Collector_macCallbacks                                                    
20001698  ICall_enterCriticalSection                                                
2000169c  ICall_leaveCriticalSection                                                
200016b4  HEAPMGR_SIZE                                                              
200016b8  ICall_dispatcher                                                          
2000171c  macTaskId                                                                 
20001720  macMain                                                                   
2000172c  macStateTbl                                                               
20001740  macReset                                                                  
2000175c  macActionSet                                                              
20001780  macReqAccessTimeCnt                                                       
20001781  reqAccessAlloc                                                            
20001784  rxCmdHandle                                                               
20001786  fsCmdHandle                                                               
2000178c  lastPostCmd                                                               
20001790  macSfdDetectCback                                                         
20001798  macTxTimestamp                                                            
2000179c  pMacRadioConfig                                                           
200017a0  rfDrvTblPtr                                                               
200017a4  pRfPropTable                                                              
200017a8  pRfPropTableOld                                                           
200017ac  pMacRfAntSwitchSel                                                        
200017b0  pMacRfAntPwrSel                                                           
200017c0  macRxOutput                                                               
200017cc  macFrmFilter                                                              
20001890  FH_FSM                                                                    
2000189c  FHFSM_Dbg                                                                 
2000192c  ti_sysbios_knl_Task_Object__table__V                                      
20001978  ti_sysbios_family_arm_cc26xx_Timer_Object__table__V                       
200019c0  macBeaconMargin                                                           
200019e0  macBeacon                                                                 
20001a38  ti_sysbios_gates_GateMutex_Object__table__V                               
20001a71  osal_entity                                                               
20001a78  osal_qHead                                                                
20001a7c  osal_eventloop_hook                                                       
20001a80  osal_icallMsg_hook                                                        
20001a84  osal_semaphore                                                            
20001a88  osal_last_timestamp                                                       
20001a8c  osal_tickperiod                                                           
20001a90  osal_max_msecs                                                            
20001aa0  macPhyChannel                                                             
20001aa1  macUnitBackoffPeriod                                                      
20001aa6  macPhyTxPower                                                             
20001aac  RF_handle                                                                 
20001ab4  RF_params                                                                 
20001ad0  txCmdHandle                                                               
20001ad4  pMacEnhancedAck                                                           
20001ad8  macRadioAckFrame                                                          
20001ae0  macAckTimer                                                               
20001b00  ti_sysbios_knl_Swi_Module_State_0_readyQ__A                               
20001b30  ti_sysbios_knl_Swi_Object__table__V                                       
20001b60  ti_sysbios_knl_Task_Module_State_0_readyQ__A                              
20001b90  macTxSlottedDelay                                                         
20001b91  macTxSlottedDelayFactor                                                   
20001b92  macTxType                                                                 
20001b93  txAckReq                                                                  
20001b94  macTxBe                                                                   
20001b9a  macTxCsmaBackoffDelay                                                     
20001b9c  macCsmaRtcTimerId                                                         
20001ba0  macAckDbg                                                                 
20001bd4  ti_sysbios_knl_Clock_Object__table__V                                     
20001bf4  xdc_runtime_Error_IgnoreBlock                                             
20001c14  macSpecUsecsPerSymbol                                                     
20001c18  macPrevPeriodRatCount                                                     
20001c1c  macSymbolTimerRollover                                                    
20001c20  macSymbolTimerTrigger                                                     
20001c2c  ti_sysbios_family_arm_m3_Hwi_Object__table__V                             
20001c44  ti_sysbios_heaps_HeapMem_Object__table__V                                 
20001c5c  ApiMac_appEntity                                                          
20001c68  ApiMac_extAddr                                                            
20001c70  timerUnalignedQ                                                           
20001c74  timerAlignedQ                                                             
20001c94  lastRatChanA                                                              
20001c95  lastRatChanB                                                              
20001c96  macRxCmdActive                                                            
20001c97  macTxCmdActive                                                            
20001c98  macFsCmdActive                                                            
20001c9a  macReqAccessCnt                                                           
20001c9c  macReqAccErrCnt                                                           
20001c9e  numRfCmd                                                                  
20001c9f  numRxCmd                                                                  
20001ca0  numRxPostCmd                                                              
20001ca2  macRadioFreeCnt                                                           
20001ca4  AppTaskId                                                                 
20001ca8  pMacCbackQueryRetransmit                                                  
20001cac  pMacCbackCheckPending                                                     
20001cb4  OSAL_timeSeconds                                                          
20001cbc  sector_addr                                                               
20001cc8  _lock                                                                     
20001ccc  _unlock                                                                   
20001cd0  ti_sysbios_family_arm_m3_Hwi_Module__root__V                              
20001cd8  ti_sysbios_gates_GateHwi_Module__root__V                                  
20001ce0  ti_sysbios_gates_GateMutex_Module__root__V                                
20001ce8  ti_sysbios_hal_Hwi_Module__root__V                                        
20001cf0  ti_sysbios_heaps_HeapMem_Module__root__V                                  
20001cf8  ti_sysbios_knl_Clock_Module__root__V                                      
20001d00  ti_sysbios_knl_Mailbox_Module__root__V                                    
20001d08  ti_sysbios_knl_Queue_Module__root__V                                      
20001d10  ti_sysbios_knl_Semaphore_Module__root__V                                  
20001d18  ti_sysbios_knl_Swi_Module__root__V                                        
20001d20  ti_sysbios_knl_Task_Module__root__V                                       
20001d28  xdc_runtime_Registry_Module__state__V                                     
20001d30  pwrmgr_initialized                                                        
20001d32  pwrmgr_attribute                                                          
20001d3c  pOverridesTable                                                           
20001d40  main_func_sp                                                              
20001d44  ti_sysbios_family_arm_m3_Hwi_Module_State_0_excContext__A                 
20001d48  ti_sysbios_family_arm_m3_Hwi_Module_State_0_excStack__A                   
20001d4c  ti_sysbios_knl_Task_Module_State_0_idleTask__A                            
20001d50  macRadioYielded                                                           
20001d51  bInSwi                                                                    
20001d52  ti_sysbios_family_arm_m3_Hwi_Module_State_0_excActive__A                  
20001d58  ti_sysbios_heaps_HeapMem_Instance_State_0_buf__A                          
20002410  macSecurityPib                                                            
20003220  ti_sysbios_knl_Task_Instance_State_0_stack__A                             
20003420  spiCC26XXDMAObjects                                                       
200035d8  gptimerCC26XXObjects                                                      
200037c0  ti_sysbios_family_arm_m3_Hwi_dispatchTable                                
20003888  FH_txTiming                                                               
200038bc  FH_hnd                                                                    
20003944  FHPIB_db                                                                  
200039cc  cryptoCC26XXObjects                                                       
20003a4c  pwmtimerCC26xxObjects                                                     
20003ae0  macDevice                                                                 
20003b44  macScanAction                                                             
20003bb0  displaySharpObject                                                        
20003c50  macCoord                                                                  
20003c84  macBeaconCoord                                                            
20003cd0  macBeaconDevice                                                           
20003d04  rxFhRsl                                                                   
20003d05  macRxFilter                                                               
20003d06  rxPromiscuousMode                                                         
20003d12  macRxDataEntryOffset                                                      
20003d18  rxRadioBufferPtr                                                          
20003d24  macRxDataEntryQueue                                                       
20003d2c  udmaObjects                                                               
20003d8c  PowerCC26XX_taskKey                                                       
20003d90  PowerCC26XX_swiKey                                                        
20003d94  timerHead                                                                 
20003d9c  cryptoDrvTblPtr                                                           
20003da0  Crypto_handle                                                             
20003dac  ClockP_tickPeriod                                                         
20003db0  comp_time                                                                 
20003db4  tasksEvents                                                               
20003dba  bc_event                                                                  
20003dbd  driverlib_release_0_49471                                                 
20003dbe  g_hwiInt                                                                  
20003dbf  macPwr                                                                    
20003dc0  macRxActive                                                               
20003dc1  macRxEnableFlags                                                          
20003dc2  macRxOutgoingAckFlag                                                      
20003dc3  macSymbolTimerImpending                                                   
20003dc4  macTxActive                                                               
20003dc5  heapStart                                                                 
20004b00  __stack                                                                   
20004b00  heapEnd                                                                   
20005000  __STACK_END                                                               
20005000  __STACK_TOP                                                               
e000e000  ti_sysbios_family_arm_m3_Hwi_nvic                                         
ffffffff  __TI_pprof_out_hndl                                                       
ffffffff  __TI_prof_data_size                                                       
ffffffff  __TI_prof_data_start                                                      
ffffffff  __binit__                                                                 
ffffffff  __c_args__                                                                
ffffffff  binit                                                                     
UNDEFED   ClockP_getSystemTicks                                                     
UNDEFED   HwiP_restore                                                              
UNDEFED   SHT$$INIT_ARRAY$$Base                                                     
UNDEFED   SHT$$INIT_ARRAY$$Limit                                                    
UNDEFED   SwiP_restore                                                              
UNDEFED   ti_sysbios_BIOS_RtsGateProxy_Handle__label__S__mangled__                  
UNDEFED   ti_sysbios_BIOS_RtsGateProxy_Params__init__S__mangled__                   
UNDEFED   ti_sysbios_BIOS_RtsGateProxy_query__E__mangled__                          
UNDEFED   ti_sysbios_hal_Hwi_HwiProxy_Module__startupDone__S__mangled__             
UNDEFED   ti_sysbios_hal_Hwi_HwiProxy_Params__init__S__mangled__                    
UNDEFED   ti_sysbios_hal_Hwi_HwiProxy_disableInterrupt__E__mangled__                
UNDEFED   ti_sysbios_hal_Hwi_HwiProxy_enableInterrupt__E__mangled__                 
UNDEFED   ti_sysbios_hal_Hwi_HwiProxy_getStackInfo__E__mangled__                    
UNDEFED   ti_sysbios_hal_Hwi_HwiProxy_startup__E__mangled__                         
UNDEFED   ti_sysbios_hal_Hwi_HwiProxy_switchFromBootStack__E__mangled__             
UNDEFED   ti_sysbios_hal_Hwi_disableInterrupt__E                                    
UNDEFED   ti_sysbios_hal_Hwi_enableInterrupt__E                                     
UNDEFED   ti_sysbios_hal_Hwi_getStackInfo__E                                        
UNDEFED   ti_sysbios_hal_Hwi_startup__E                                             
UNDEFED   ti_sysbios_hal_Hwi_switchFromBootStack__E                                 
UNDEFED   ti_sysbios_heaps_HeapMem_Module_GateProxy_Handle__label__S__mangled__     
UNDEFED   ti_sysbios_heaps_HeapMem_Module_GateProxy_Params__init__S__mangled__      
UNDEFED   ti_sysbios_heaps_HeapMem_Module_GateProxy_query__E__mangled__             
UNDEFED   ti_sysbios_knl_Clock_TimerProxy_Module__startupDone__S__mangled__         
UNDEFED   ti_sysbios_knl_Clock_TimerProxy_startup__E__mangled__                     
UNDEFED   ti_sysbios_knl_Task_SupportProxy_Module__startupDone__S__mangled__        
UNDEFED   ti_sysbios_knl_Task_SupportProxy_getStackAlignment__E__mangled__          
UNDEFED   ti_sysbios_knl_Task_SupportProxy_start__E__mangled__                      
UNDEFED   ti_sysbios_knl_Task_SupportProxy_swap__E__mangled__                       
UNDEFED   xdc_runtime_Main_Module_GateProxy_Handle__label__S                        
UNDEFED   xdc_runtime_Main_Module_GateProxy_query__E                                
UNDEFED   xdc_runtime_Memory_HeapProxy_Handle__label__S__mangled__                  
UNDEFED   xdc_runtime_System_Module_GateProxy_Handle__label__S__mangled__           
UNDEFED   xdc_runtime_System_Module_GateProxy_query__E__mangled__                   
UNDEFED   xdc_runtime_System_SupportProxy_abort__E                                  
UNDEFED   xdc_runtime_System_SupportProxy_exit__E                                   
UNDEFED   xdc_runtime_Timestamp_SupportProxy_get64__E__mangled__                    
UNDEFED   xdc_runtime_Timestamp_SupportProxy_getFreq__E__mangled__                  
UNDEFED   xdc_runtime_Timestamp_get32__E                                            
UNDEFED   xdc_runtime_Timestamp_get64__E                                            
UNDEFED   xdc_runtime_Timestamp_getFreq__E                                          

[1468 symbols]
